
> spendwise-week5@1.0.0 test:e2e
> npm --prefix e2e test


> spendwise-e2e@1.0.0 test
> playwright test

[WebServer] 
[WebServer] > spendwise-api@1.0.0 start
[WebServer] > node src/server.js
[WebServer] 
[WebServer] [2026-09-26T17:21:25.761Z] WARN  MONGODB_URI not set – using in-memory MongoDB (data will be lost on restart)
[WebServer] [2026-09-26T17:21:25.793Z] INFO  MongoDB connected: 127.0.0.1/spendwise
[WebServer] [2026-09-26T17:21:26.191Z] INFO  Seeded 32 demo transactions – login with demo@spendwise.app / Demo1234
[WebServer] [2026-09-26T17:21:26.275Z] INFO  SpendWise API listening on http://localhost:4000  (env: development)
[WebServer] [2026-09-26T17:21:26.275Z] INFO  Swagger docs:  http://localhost:4000/api/docs
[WebServer] GET /api/v1/health 200 3.039 ms requestId=2741ded6-4f43-43c8-845d-bff94dab5282

Running 30 tests using 1 worker

[WebServer] POST /api/v1/auth/register 201 498.612 ms requestId=16057714-4c04-46d9-8e2b-10552ae33dc6
[WebServer] GET /api/v1/transactions 200 48.648 ms requestId=1a332577-f89f-4816-8d91-c3b30c6cbcdd
[WebServer] GET /api/v1/health 200 0.628 ms requestId=3a846c07-0997-42f3-8c4b-6c13d475e157
[WebServer] GET /api/v1/stats/summary  undefined ms requestId=d3756719-56ba-4acc-8903-bb97fdcdd1c5
[WebServer] GET /api/v1/stats/monthly 200 52.915 ms requestId=7cfd7e2f-5287-4ca3-8a1a-3abe5ce1e497
[WebServer] GET /api/v1/stats/by-category 200 31.836 ms requestId=1c9c206d-209e-4e34-af69-e5393ba5ddbd
[WebServer] GET /api/v1/health 200 0.457 ms requestId=29da102e-7922-417f-a98b-ba2b83072b0b
[WebServer] GET /api/v1/transactions 200 20.520 ms requestId=ccb05a7b-046b-4e7f-8035-dba5b6488757
[WebServer] GET /api/v1/stats/summary 200 106.699 ms requestId=73791fe4-da05-48f9-8333-0eb17dfd7274
[WebServer] GET /api/v1/stats/monthly 200 70.315 ms requestId=b68fc070-5f63-4c41-ab55-93ed753de1b8
[WebServer] GET /api/v1/transactions 200 7.555 ms requestId=f7a39edc-9e81-4804-84ff-50ae66abe94f
[WebServer] GET /api/v1/events/stream 200 10.156 ms requestId=8f804f42-9172-4050-be6d-1a3a0c01bc85
  ✓   1 [chromium] › tests/auth.spec.js:10:3 › authentication › registers a new account and shows the API-synced dashboard (3.5s)
[WebServer] POST /api/v1/auth/login 200 490.510 ms requestId=6bd908dd-d478-4b86-ba35-b2fd32c131de
[WebServer] GET /api/v1/transactions 200 32.761 ms requestId=e6074f76-150a-47ab-b48e-0c8fb98e774f
[WebServer] GET /api/v1/health 200 0.315 ms requestId=05e44e4c-673b-476a-9aa6-f4a6cd9e41d5
[WebServer] GET /api/v1/stats/summary 200 54.941 ms requestId=69f9086e-26d2-4047-bc0b-992279fff365
[WebServer] GET /api/v1/stats/by-category  undefined ms requestId=91bcfcda-0726-4d7e-9ea5-7b52818667d6
[WebServer] GET /api/v1/stats/monthly  undefined ms requestId=b1a986a3-9553-464f-95a2-477c10ad38a3
[WebServer] GET /api/v1/health 200 0.350 ms requestId=37cc4b7e-df37-4e89-a179-f658f40bb4a7
[WebServer] GET /api/v1/transactions  undefined ms requestId=5f4daeee-08d6-4813-85d5-9be14362798b
[WebServer] GET /api/v1/stats/summary 200 12.131 ms requestId=3d24ee94-0655-4b0f-8076-a0c4cc2178b2
[WebServer] GET /api/v1/stats/by-category 200 22.912 ms requestId=45a1c834-9e22-42f5-acfa-ea8d70b6080b
[WebServer] GET /api/v1/stats/monthly 200 15.230 ms requestId=395ee0ee-3115-4fa8-b485-e96e443041a5
[WebServer] GET /api/v1/transactions 200 15.868 ms requestId=dae68553-d746-43c2-aebf-92ae18093f01
[WebServer] GET /api/v1/events/stream 200 36.252 ms requestId=f418944f-2fc9-494c-a9f4-4253f6d26ebe
  ✓   2 [chromium] › tests/auth.spec.js:32:3 › authentication › signs in with the seeded demo account (3.3s)
[WebServer] POST /api/v1/auth/login 401 6.675 ms requestId=e920721d-4321-48f3-93d7-a7eb4b3c3401
  ✓   3 [chromium] › tests/auth.spec.js:41:3 › authentication › shows the API error message for wrong credentials (1.5s)
  ✓   4 [chromium] › tests/auth.spec.js:50:3 › authentication › validates the password policy before calling the API (1.3s)
[WebServer] GET /api/v1/auth/me 401 0.678 ms requestId=8ae67ad5-dec3-4afb-a0e4-7ef5ca665307
[WebServer] GET /api/v1/auth/me 401 0.392 ms requestId=2412714b-eb41-4931-b42d-126f832d930b
  ✓   5 [chromium] › tests/auth.spec.js:61:3 › authentication › drops an invalid stored token and falls back to guest mode (2.3s)
[WebServer] POST /api/v1/auth/login 200 423.145 ms requestId=6ad81452-bbe9-42ec-a7e1-a117c36784b5
[WebServer] GET /api/v1/transactions 200 15.572 ms requestId=74cf6cac-6eef-4977-ac5d-bf94c4fc48b7
[WebServer] GET /api/v1/health 200 0.358 ms requestId=9ab4e587-4d72-4b95-ba95-56207962fc40
[WebServer] GET /api/v1/stats/summary  undefined ms requestId=3d71faf9-8cfe-4099-b387-02bc84898f3e
[WebServer] GET /api/v1/stats/monthly  undefined ms requestId=757dc31b-0ddf-45f7-90c9-645b7102304f
[WebServer] GET /api/v1/stats/by-category  undefined ms requestId=8d40b4b4-2de7-424d-853b-eed3d406e314
[WebServer] GET /api/v1/health 200 0.229 ms requestId=1ad6cc09-c3cd-4237-a69e-9c8093c2153a
[WebServer] GET /api/v1/stats/by-category 200 13.877 ms requestId=3785ef8a-41d1-456a-8a94-c6b334a260bc
[WebServer] GET /api/v1/stats/summary 200 17.817 ms requestId=8429d7cb-5ac5-4f42-94b5-166df04a4c85
[WebServer] GET /api/v1/stats/monthly 200 16.132 ms requestId=1529036a-01ac-439a-840e-0601d3f314c0
[WebServer] GET /api/v1/transactions 200 23.316 ms requestId=92fe0805-0de3-4693-943d-9da8b89b5d2a
[WebServer] GET /api/v1/events/stream 200 3.058 ms requestId=07bf8c45-875f-43ab-a0be-08da3113cf59
  ✓   6 [chromium] › tests/auth.spec.js:70:3 › authentication › signs out back to guest mode (3.6s)
[WebServer] POST /api/v1/auth/login 200 319.659 ms requestId=26a7ba7e-6ba5-49c1-9070-03f80174e114
  ✓   7 [chromium] › tests/auth.spec.js:80:3 › authentication › the demo credentials are exactly what the README documents (416ms)
[WebServer] POST /api/v1/auth/register 201 478.712 ms requestId=9ad1b4e2-a3ba-4553-a717-0fa5331395f4
[WebServer] GET /api/v1/transactions 200 7.500 ms requestId=eb8d125d-7a41-430f-b4b5-e1094536c013
[WebServer] GET /api/v1/health 200 0.378 ms requestId=fc3cfead-4c48-433a-93ed-87ae08781629
[WebServer] GET /api/v1/stats/summary 200 8.455 ms requestId=a2a2b14b-1eab-4016-9c6b-30c2b07881bb
[WebServer] GET /api/v1/stats/by-category 200 22.790 ms requestId=cf3e614f-bf0d-4467-87c6-5a6c7063349b
[WebServer] GET /api/v1/stats/monthly 200 24.563 ms requestId=0bb3c420-4cd7-49ec-a0e0-866e5ce18bfe
[WebServer] GET /api/v1/health 200 0.276 ms requestId=20eced3c-970d-4d4a-b48e-221eee656784
[WebServer] GET /api/v1/transactions 200 37.638 ms requestId=0f6de862-fd06-4ca9-8467-5009231c1ace
[WebServer] GET /api/v1/stats/summary 304 9.222 ms requestId=0ff58e8f-4e36-4b9e-bf5b-6a097f081ec3
[WebServer] GET /api/v1/stats/by-category 304 11.936 ms requestId=2453ef57-f423-4ae5-a55d-be2a6ba3d728
[WebServer] GET /api/v1/transactions 200 6.272 ms requestId=a9837c7c-b0bb-4221-9dc7-9f3fe54ccb09
[WebServer] GET /api/v1/stats/monthly 304 15.840 ms requestId=b2472640-c508-4aca-81fd-13644598e468
[WebServer] POST /api/v1/transactions 201 7.848 ms requestId=50ad6e8d-6425-4c45-955f-aa229d792867
[WebServer] GET /api/v1/stats/summary 200 26.293 ms requestId=a4c9d1b8-5ae6-46fe-b33f-ee6521cff60d
[WebServer] GET /api/v1/stats/by-category 200 10.193 ms requestId=fd66a88b-a01e-4d7b-ba90-47b0aadafcb9
[WebServer] GET /api/v1/stats/monthly 200 35.036 ms requestId=a1142179-0641-4a3e-90e5-54222fd89eeb
[WebServer] GET /api/v1/transactions 200 27.938 ms requestId=27340184-e16f-4aa1-b5b9-4a1c3929ea68
[WebServer] GET /api/v1/transactions 200 14.565 ms requestId=aa55d287-58dc-4153-a8ff-75b563bd42d1
[WebServer] GET /api/v1/events/stream 200 3.271 ms requestId=d30bb723-322f-4063-a50d-a3e2324757d8
[WebServer] GET /api/v1/auth/me 200 8.222 ms requestId=f68219c8-8ad3-4421-9f4d-102a908873d6
[WebServer] GET /api/v1/auth/me 200 9.939 ms requestId=57685ba3-cdad-4996-808f-664e650d5f87
[WebServer] GET /api/v1/transactions 200 10.368 ms requestId=815b2281-ec9a-4f89-a855-bbb5082633a2
[WebServer] GET /api/v1/health 200 0.325 ms requestId=e0ccd789-a956-486c-98f3-1f27cd071080
[WebServer] GET /api/v1/stats/summary 304 45.434 ms requestId=52b5f226-a33f-4a58-afb9-8ad33d5b225f
[WebServer] GET /api/v1/stats/by-category  undefined ms requestId=08f747c3-9961-4160-b087-4ad12ec6e0e9
[WebServer] GET /api/v1/stats/monthly  undefined ms requestId=afff86a1-310e-4e19-a3ef-8bab58555e4c
[WebServer] GET /api/v1/health 200 0.304 ms requestId=7d7894bb-1de3-405f-a949-cd71986ad5cc
[WebServer] GET /api/v1/transactions  undefined ms requestId=d77c7a96-f611-4a97-a12e-4ff1c639963f
[WebServer] GET /api/v1/stats/by-category 200 10.908 ms requestId=bcbba8c9-d67f-4ae5-bcb8-636c3954cd88
[WebServer] GET /api/v1/stats/summary 200 22.640 ms requestId=3e08cc4c-8439-44b8-a2fd-2b8df92d94bb
[WebServer] GET /api/v1/stats/monthly 200 16.695 ms requestId=d420dade-8e14-4079-9520-fb0fce20527d
[WebServer] GET /api/v1/transactions 200 11.997 ms requestId=ab24285b-fee4-4704-92f3-18d94ef81ec5
[WebServer] GET /api/v1/events/stream 200 11.737 ms requestId=e88d7d02-1269-4c34-812f-5e1b54f78a4f
  ✓   8 [chromium] › tests/crud.spec.js:19:3 › transaction CRUD (client ⇄ API ⇄ MongoDB) › creates a transaction and it survives a reload (5.6s)
[WebServer] POST /api/v1/auth/register 201 449.641 ms requestId=4a988063-d4f3-41d9-a554-304e423ebc08
[WebServer] GET /api/v1/transactions 200 8.516 ms requestId=7edd6392-f79a-423c-851c-b779ae1c2b12
[WebServer] GET /api/v1/health 200 0.411 ms requestId=aa29025a-5d19-4e34-89f2-2cfd11bace5b
[WebServer] GET /api/v1/stats/summary 200 17.916 ms requestId=73244c7d-d4dc-4634-b066-483cd6a93230
[WebServer] GET /api/v1/stats/by-category 200 38.686 ms requestId=ae817e23-989a-4a81-9efb-72a655ccac90
[WebServer] GET /api/v1/stats/monthly  undefined ms requestId=b7f55631-93f0-4b52-91ae-087dd139e4b5
[WebServer] GET /api/v1/health 200 0.368 ms requestId=a409b81b-06f3-4cc8-bdc2-7d8ab8007f19
[WebServer] GET /api/v1/transactions  undefined ms requestId=076c0232-db67-4363-9cd1-c5f090fbfb8a
[WebServer] GET /api/v1/stats/by-category 200 8.899 ms requestId=1753e43f-70e1-46fc-b6d1-803c989843f3
[WebServer] GET /api/v1/stats/summary 304 14.763 ms requestId=d68d5bb1-8f57-490c-a283-ce6d608edcd4
[WebServer] GET /api/v1/stats/monthly 200 37.479 ms requestId=7a88f3b9-2b49-401a-94f9-e233ec1c962c
[WebServer] GET /api/v1/transactions 200 40.625 ms requestId=25b825f6-e3df-46d9-8171-d18ccf54353e
[WebServer] POST /api/v1/transactions 201 7.863 ms requestId=271285ae-8f81-47c0-925a-345f6cd993bd
[WebServer] GET /api/v1/stats/summary 200 15.384 ms requestId=e1b101da-d943-4c0a-bb0a-b3c5ca6ab047
[WebServer] GET /api/v1/stats/by-category 200 25.653 ms requestId=7c1d315d-9522-4998-9090-106ad795e61f
[WebServer] GET /api/v1/stats/monthly 200 20.793 ms requestId=36766a61-6965-4d88-bdd6-c934dd60d98f
[WebServer] GET /api/v1/transactions 200 22.495 ms requestId=1c47be43-276f-4977-854c-3ea5b6d9acb6
[WebServer] PATCH /api/v1/transactions/6ab7ff323c56c3074e210e45 200 17.100 ms requestId=fcf7b451-ef51-46ae-be04-e0833b783b82
[WebServer] GET /api/v1/stats/summary 200 18.983 ms requestId=3eac37e4-3e75-4633-a27b-b5d4639fa5bd
[WebServer] GET /api/v1/stats/by-category 200 18.331 ms requestId=af626d51-6e63-4a76-adba-51c44a21a723
[WebServer] GET /api/v1/stats/monthly 200 18.863 ms requestId=d9494fa7-52f9-49e7-bbf9-69a7c798a89a
[WebServer] GET /api/v1/transactions 200 15.047 ms requestId=c26c84cc-a868-4eb2-ad8f-787627638657
[WebServer] GET /api/v1/events/stream 200 9.439 ms requestId=3585708d-ae4d-4605-af27-e2db1733a576
[WebServer] GET /api/v1/auth/me 200 5.240 ms requestId=6eca5a2b-2b84-4980-bea4-78560570267d
[WebServer] GET /api/v1/transactions 200 11.368 ms requestId=6dbd79b6-e7d6-4dee-8458-ff286a3f8d81
[WebServer] GET /api/v1/auth/me 304 9.195 ms requestId=a7de3207-bfe6-48ba-80aa-01a9c0a0bca7
[WebServer] GET /api/v1/transactions 200 9.608 ms requestId=e6b6aafc-35a0-41ed-9c13-1ef578f41907
[WebServer] GET /api/v1/health 200 0.554 ms requestId=85084a2a-65f8-48e5-84ba-5d1cda2e56b5
[WebServer] GET /api/v1/stats/summary 304 6.806 ms requestId=919d6848-9211-4490-b43f-818a0f6e48f0
[WebServer] GET /api/v1/stats/by-category 304 64.643 ms requestId=6fa084ec-75a6-40a1-bebf-96d7a68dad5c
[WebServer] GET /api/v1/stats/monthly 304 67.803 ms requestId=75cc4814-58c1-416e-ab25-acd0de0e8945
[WebServer] GET /api/v1/health 200 0.300 ms requestId=b659c429-a802-4713-9c12-3d72a2e9ff29
[WebServer] GET /api/v1/transactions  undefined ms requestId=716bb08f-7bbe-4eba-87f1-8229c88102b1
[WebServer] GET /api/v1/stats/by-category 200 22.023 ms requestId=439588b7-56c9-4aae-be85-93fe736d0d7e
[WebServer] GET /api/v1/stats/monthly 200 38.621 ms requestId=15490463-cec0-4a4a-8bda-59ead7be5ee7
[WebServer] GET /api/v1/stats/summary 304 76.161 ms requestId=fb662b92-b8e5-4662-854a-3b0587d908b6
[WebServer] GET /api/v1/transactions 200 44.147 ms requestId=18e7e4b8-4314-42d4-94f0-64ff09d68e95
[WebServer] GET /api/v1/events/stream 200 23.860 ms requestId=4b14e6b0-2ebf-4339-bbf7-21481cb078b7
  ✓   9 [chromium] › tests/crud.spec.js:34:3 › transaction CRUD (client ⇄ API ⇄ MongoDB) › edits a transaction and the new amount is stored (6.6s)
[WebServer] POST /api/v1/auth/register 201 427.844 ms requestId=010dfbc4-ff18-4781-85b2-f56a5d5f26d9
[WebServer] GET /api/v1/transactions 200 9.173 ms requestId=9243c518-96a7-4d33-8be3-891faa7d50dc
[WebServer] GET /api/v1/health 200 0.351 ms requestId=7084e988-cd97-4362-a1c8-7e9348d02204
[WebServer] GET /api/v1/stats/summary 200 17.685 ms requestId=d2591b82-0630-486e-bda2-5eeb7f151c43
[WebServer] GET /api/v1/stats/by-category 200 46.727 ms requestId=95c3054b-2e87-4421-8169-bfe966a8a8c7
[WebServer] GET /api/v1/stats/monthly  undefined ms requestId=d9a44c16-8e0d-46d0-bffe-5a8a1f5258c0
[WebServer] GET /api/v1/health 200 0.214 ms requestId=67c68f39-6dba-46af-b146-a411c7fd8511
[WebServer] GET /api/v1/transactions  undefined ms requestId=4bafa2ad-3891-4780-88b0-f5c24804988c
[WebServer] GET /api/v1/stats/by-category 200 10.475 ms requestId=3a38a87b-da51-4c66-a35a-d1c6b5b13746
[WebServer] GET /api/v1/stats/summary 304 15.492 ms requestId=311f4e72-788f-4f4c-b883-8202b93c3e85
[WebServer] GET /api/v1/stats/monthly 200 12.764 ms requestId=80f48c2d-57a0-4165-9d0a-4e5706861ab5
[WebServer] GET /api/v1/transactions 200 24.822 ms requestId=6865959f-59e3-4e2d-a656-89bdb06d1131
[WebServer] POST /api/v1/transactions 201 6.710 ms requestId=4ff949c0-fd90-4d03-a96a-e67ff356d002
[WebServer] GET /api/v1/stats/summary 200 7.211 ms requestId=18442ca6-e5ff-465e-8c2c-db3008f79feb
[WebServer] GET /api/v1/stats/by-category 200 24.964 ms requestId=944ff39f-3864-4342-9f42-c2d3b31cc59a
[WebServer] GET /api/v1/stats/monthly 200 23.765 ms requestId=1eb026ea-0c3d-497c-8f7d-9da1577a5a9a
[WebServer] GET /api/v1/transactions 200 27.042 ms requestId=f86c2c51-5493-4676-8f98-eb019ff1f381
[WebServer] DELETE /api/v1/transactions/6ab7ff383c56c3074e210e47 204 8.385 ms requestId=fc324e9e-a906-4eeb-8d7a-75f17744c4dc
[WebServer] GET /api/v1/stats/summary 200 8.232 ms requestId=4d9667fc-32e5-4ca0-b0b1-8c4d7ddc7f8d
[WebServer] GET /api/v1/stats/by-category 200 9.796 ms requestId=c093ee4d-57a6-4625-8400-040bef5fa098
[WebServer] GET /api/v1/stats/monthly 200 22.843 ms requestId=302552dd-2ef0-4355-bc58-a3c747fff98a
[WebServer] GET /api/v1/transactions 200 20.318 ms requestId=126500a2-67ed-48ad-bfa2-890d4bd97091
[WebServer] GET /api/v1/events/stream 200 7.822 ms requestId=fc500210-d05f-4e96-815c-2c1e154ac421
[WebServer] GET /api/v1/auth/me 200 5.232 ms requestId=bbad69cb-026f-41bb-9c5b-575ff5287c68
[WebServer] GET /api/v1/transactions 200 37.766 ms requestId=8b42b6e6-cf9f-465f-bb17-e7b6aabf716a
[WebServer] GET /api/v1/auth/me 304 22.519 ms requestId=159f2fa0-560b-4c9a-b957-2b08d0ec427c
[WebServer] GET /api/v1/transactions 200 14.901 ms requestId=96aadfdb-b98b-4261-8fb3-cd2bafdf8834
[WebServer] GET /api/v1/events/stream 200 3.735 ms requestId=fd269806-468d-463a-af1f-b8b8e9464773
  ✓  10 [chromium] › tests/crud.spec.js:52:3 › transaction CRUD (client ⇄ API ⇄ MongoDB) › deletes a transaction and it stays deleted (5.2s)
[WebServer] POST /api/v1/auth/register 201 454.896 ms requestId=77cff7ad-f88f-4c1e-bdcc-6a902721df14
[WebServer] GET /api/v1/transactions 200 12.734 ms requestId=92b29829-d66c-49e7-8fca-50a8f8bf8f43
[WebServer] GET /api/v1/health 200 0.483 ms requestId=7cf6eb1d-d961-47dc-ba7a-a3d602ad64a7
[WebServer] GET /api/v1/stats/summary 200 32.215 ms requestId=ec02dd01-e3c6-474b-acd1-a465410e78dd
[WebServer] GET /api/v1/stats/monthly 200 38.530 ms requestId=9a77f729-2583-4600-872f-b140528a19e6
[WebServer] GET /api/v1/stats/by-category 200 60.809 ms requestId=c64a2a86-968b-45c5-9697-211b1586b935
[WebServer] GET /api/v1/health 200 0.333 ms requestId=71abfbc6-2769-4442-a454-74aa42d60f3f
[WebServer] GET /api/v1/transactions  undefined ms requestId=aa161ee7-d003-4825-a839-519b75cd7c64
[WebServer] GET /api/v1/stats/summary 304 10.998 ms requestId=c167782b-160f-438f-9658-9eb53b65bfce
[WebServer] GET /api/v1/stats/by-category 200 13.765 ms requestId=81823069-5743-4bbf-962c-b27cfe50a1f2
[WebServer] GET /api/v1/transactions 200 8.448 ms requestId=4f4b07c1-2f45-4607-8d89-a7e4030470ab
[WebServer] GET /api/v1/stats/monthly 200 18.225 ms requestId=ba6ffed2-febe-4e7c-92a6-655ec1dead65
[WebServer] GET /api/v1/transactions 200 4.832 ms requestId=497ea596-2aaa-4e92-8449-6dde746dc718
[WebServer] GET /api/v1/events/stream 200 10.468 ms requestId=1550b76e-37bc-4062-835d-5fb3f9e8fc31
  ✓  11 [chromium] › tests/crud.spec.js:69:3 › transaction CRUD (client ⇄ API ⇄ MongoDB) › rejects an invalid amount with the API’s validation message (3.9s)
[WebServer] POST /api/v1/auth/register 201 415.158 ms requestId=863bca0e-7717-4ea6-b334-43d1f79978e7
[WebServer] GET /api/v1/transactions 200 8.625 ms requestId=73024d29-2962-4ba0-81f1-88eb00e6879a
[WebServer] GET /api/v1/health 200 0.283 ms requestId=fa31f615-efe1-4ee1-a524-590d346d861c
[WebServer] GET /api/v1/stats/by-category 200 34.791 ms requestId=128c9f09-8523-402b-ab6a-c3a87556293b
[WebServer] GET /api/v1/stats/monthly 200 33.033 ms requestId=f516d8d0-e642-45ca-8b66-9fc7ca867019
[WebServer] GET /api/v1/health 200 0.192 ms requestId=fd4a889f-2978-4762-b6df-990352055abc
[WebServer] GET /api/v1/stats/summary  undefined ms requestId=471c997c-47db-4a12-aaf7-1f0fae0c2273
[WebServer] GET /api/v1/transactions  undefined ms requestId=e1e31444-8cba-4201-bc93-856df7f88d8d
[WebServer] GET /api/v1/stats/summary 200 10.793 ms requestId=2fdeca23-e9f6-42ce-8eed-56af3a6bfbd0
[WebServer] GET /api/v1/stats/by-category 200 13.653 ms requestId=0a033b3d-3774-453d-a168-0b715753a984
[WebServer] GET /api/v1/stats/monthly 200 17.357 ms requestId=427de612-330b-41b4-9cbf-92ab0275ea5b
[WebServer] GET /api/v1/transactions 200 20.377 ms requestId=8718f3c9-28e7-4553-ae07-dce7ef65f953
[WebServer] POST /api/v1/transactions 201 5.797 ms requestId=60483ae6-a532-4576-8edf-e747f25ada71
[WebServer] GET /api/v1/stats/summary 200 17.803 ms requestId=13f3bdc3-71ce-4581-9605-cf80129b15a6
[WebServer] GET /api/v1/stats/by-category 200 16.467 ms requestId=cd91d415-71ad-48d5-b572-0c1d28a96498
[WebServer] GET /api/v1/stats/monthly 200 29.683 ms requestId=8cf5610b-0608-4a91-bb44-ad4e44c97663
[WebServer] GET /api/v1/transactions 200 23.420 ms requestId=c25423f0-7f34-4675-9283-960795c7a396
[WebServer] GET /api/v1/transactions/6ab7ff413c56c3074e210e4a 200 4.549 ms requestId=afc39a30-4b61-4620-b840-63074dc2819d
  ✓  12 [chromium] › tests/crud.spec.js:83:3 › transaction CRUD (client ⇄ API ⇄ MongoDB) › shows the detail page of a transaction and opens it read-only (4.4s)
[WebServer] GET /api/v1/events/stream 200 3.791 ms requestId=11e85e04-95c8-4025-9e37-7790fb39dd0b
[WebServer] POST /api/v1/auth/register 201 327.760 ms requestId=30943299-04b5-4f7a-bc2a-84f9998ef51c
[WebServer] POST /api/v1/transactions/bulk 201 10.475 ms requestId=0b7b203c-fb58-4ffb-b123-2a03b1ead25c
[WebServer] GET /api/v1/auth/me 200 8.266 ms requestId=b570fd08-86a8-4326-ab5d-612075870a4e
[WebServer] GET /api/v1/auth/me 304 3.141 ms requestId=78eb3bec-404f-421c-80a9-410f6063b02c
[WebServer] GET /api/v1/transactions 200 20.214 ms requestId=1acf91e4-35aa-476f-8a87-0262feac8543
[WebServer] GET /api/v1/health 200 0.275 ms requestId=1331d122-1a82-49bd-98c4-904ebb16fdda
[WebServer] GET /api/v1/stats/summary 200 6.411 ms requestId=128725cf-adc9-4d65-a212-68a5109aa6d0
[WebServer] GET /api/v1/stats/by-category 200 24.029 ms requestId=987d7018-3df8-4409-9116-7154ba2d9853
[WebServer] GET /api/v1/stats/monthly 200 34.832 ms requestId=3e734eb5-4f70-4f60-b777-d0181d9fcd1d
[WebServer] GET /api/v1/health 200 0.226 ms requestId=4484a23c-9923-405d-b7ef-00328b3b9afa
[WebServer] GET /api/v1/transactions  undefined ms requestId=7892c47d-8789-4965-9300-eba7cd23061f
[WebServer] GET /api/v1/stats/summary 304 19.629 ms requestId=331abd08-bcfe-40ba-91af-8f86fefa152c
[WebServer] GET /api/v1/stats/by-category 304 18.136 ms requestId=d06ff5b3-2f22-4a7d-9dee-10adc17f1bf6
[WebServer] GET /api/v1/stats/monthly 200 12.065 ms requestId=18973616-df0f-46aa-bac2-9bcefecad981
[WebServer] GET /api/v1/transactions 200 38.963 ms requestId=af3a1ecd-7b41-4cb5-a070-53ee091ab0d4
[WebServer] GET /api/v1/transactions 200 9.529 ms requestId=64e60e25-454a-4643-a5d8-885f83fafa7b
[WebServer] GET /api/v1/transactions 200 5.966 ms requestId=fa7177a4-0ee2-4275-8395-70e0527d7185
[WebServer] GET /api/v1/events/stream 200 7.519 ms requestId=ed70c090-f960-4528-91a2-9b92e67ad9d1
  ✓  13 [chromium] › tests/data-flow.spec.js:37:3 › server-side list + statistics › renders one server page at a time and paginates through the data (4.1s)
[WebServer] POST /api/v1/auth/register 201 324.589 ms requestId=d8acbc5c-f080-485a-b24f-b6e98e316946
[WebServer] POST /api/v1/transactions/bulk 201 9.970 ms requestId=27de4790-5a54-448a-928a-e1ffbac5304e
[WebServer] GET /api/v1/auth/me 200 3.411 ms requestId=3837263c-251a-4e60-b3c4-3895b44b0dc7
[WebServer] GET /api/v1/auth/me 304 15.107 ms requestId=6cdf51d7-0f49-4a2b-87aa-6109261b4971
[WebServer] GET /api/v1/transactions 200 19.548 ms requestId=67ed98dd-4cb1-42c6-b69d-aeb68ef831c4
[WebServer] GET /api/v1/health 200 0.272 ms requestId=97741a71-7939-4247-8e21-731848f09552
[WebServer] GET /api/v1/stats/summary 200 8.558 ms requestId=4c167dae-11a3-4b7a-bcd9-f160de29b95f
[WebServer] GET /api/v1/stats/by-category 200 11.869 ms requestId=ce462e82-f5cd-4b99-b508-97eccb416a6a
[WebServer] GET /api/v1/health 200 0.250 ms requestId=a2f6aaae-23eb-4574-b5c0-9cc603b4018f
[WebServer] GET /api/v1/stats/monthly  undefined ms requestId=19268ded-6b97-4efe-ae7a-b8b066412219
[WebServer] GET /api/v1/transactions  undefined ms requestId=24b496ea-109c-42a6-85f5-daf84594ae55
[WebServer] GET /api/v1/stats/summary 304 23.917 ms requestId=c2973aab-99c9-4496-9362-370dc85be613
[WebServer] GET /api/v1/stats/by-category 304 24.502 ms requestId=85bdb358-55d1-4575-b7ee-1aa0fea8a1ff
[WebServer] GET /api/v1/stats/monthly 200 44.951 ms requestId=f33ebe66-77ec-4b2a-a646-7366124e677d
[WebServer] GET /api/v1/transactions 200 38.471 ms requestId=0a8e6100-ad02-40c9-b213-22c1b9e808ca
[WebServer] GET /api/v1/transactions 200 9.430 ms requestId=b1a475ee-36bc-453a-b6c4-9f82a5317411
[WebServer] GET /api/v1/transactions 200 6.623 ms requestId=17cdd1d6-9794-44c0-83d8-9ccc12f86f45
[WebServer] GET /api/v1/events/stream 200 8.394 ms requestId=98f9d048-dc1f-4a15-95ca-6c3de2149e16
  ✓  14 [chromium] › tests/data-flow.spec.js:51:3 › server-side list + statistics › filters by type on the server and keeps the query in the URL (2.8s)
[WebServer] POST /api/v1/auth/register 201 321.585 ms requestId=c6b170e7-4407-4d1b-8e98-7214f1863699
[WebServer] POST /api/v1/transactions/bulk 201 7.562 ms requestId=d01294ec-bdb2-4250-98b4-7402190fcaaa
[WebServer] GET /api/v1/auth/me 200 3.129 ms requestId=eb92224b-f35d-4adb-83ca-aaf762bf2afd
[WebServer] GET /api/v1/auth/me 304 3.822 ms requestId=bc0df8b6-ee66-4f8c-a3d2-fbd2a2c7cb81
[WebServer] GET /api/v1/transactions 200 11.585 ms requestId=9b9d8458-0f43-45c2-9a6c-98804cad3fd7
[WebServer] GET /api/v1/health 200 0.293 ms requestId=2353b545-585c-4fb3-997e-596985831f05
[WebServer] GET /api/v1/stats/summary 200 19.037 ms requestId=c9984f0c-018c-4c07-abc8-bcf04c06bc7c
[WebServer] GET /api/v1/stats/by-category 200 20.598 ms requestId=e11fa79e-2af8-4af9-8a60-1f2100e708ee
[WebServer] GET /api/v1/stats/monthly 200 28.534 ms requestId=be25f2ca-d27a-4367-a39e-51503770022a
[WebServer] GET /api/v1/health 200 0.219 ms requestId=aa5edcef-ef8d-4b84-b5a9-6a4f49da6f15
[WebServer] GET /api/v1/transactions  undefined ms requestId=0b66270f-462a-47f9-8ccf-e75712eb8811
[WebServer] GET /api/v1/stats/by-category 200 28.489 ms requestId=cb426f46-7aec-4384-b6f6-35b3eecf95f0
[WebServer] GET /api/v1/stats/summary 304 35.349 ms requestId=7c7e1197-0d14-44df-80e4-dfa3ca512690
[WebServer] GET /api/v1/transactions 200 22.136 ms requestId=6b96e5f7-7c8c-4e53-a570-cf1f778c0782
[WebServer] GET /api/v1/stats/monthly 200 48.702 ms requestId=9dadd2bc-c145-4a6a-9029-226e4bdfa7df
[WebServer] GET /api/v1/transactions 200 14.906 ms requestId=6cc3de04-8b40-4a1f-b840-6f9fffc5429e
[WebServer] GET /api/v1/events/stream 200 14.076 ms requestId=c45c1635-40f5-4654-8fb0-25836627757b
  ✓  15 [chromium] › tests/data-flow.spec.js:65:3 › server-side list + statistics › searches across title and notes through the API (2.6s)
[WebServer] POST /api/v1/auth/register 201 315.241 ms requestId=94a01e39-2e1e-4a49-b430-056a8681c069
[WebServer] POST /api/v1/transactions/bulk 201 8.035 ms requestId=1af1dcc0-9cd6-4e09-8b02-e3d91f99bdf7
[WebServer] GET /api/v1/auth/me 200 4.616 ms requestId=343a3635-2c45-4f41-b912-4f00450d4962
[WebServer] GET /api/v1/auth/me 200 5.534 ms requestId=05d2f5e6-eeb3-4662-a342-1b0c7e4e512d
[WebServer] GET /api/v1/transactions 200 8.553 ms requestId=fee9ae42-b14a-4d68-af50-5c4b9671bc3f
[WebServer] GET /api/v1/health 200 0.272 ms requestId=5a362645-bb1d-4cd7-bd79-a1621c5eb7d5
[WebServer] GET /api/v1/stats/summary 200 16.102 ms requestId=69cf4f4e-56d1-47b3-a28f-877940194a47
[WebServer] GET /api/v1/stats/by-category  undefined ms requestId=83b9fce5-d21c-4216-983d-7b7f761cebfe
[WebServer] GET /api/v1/stats/monthly  undefined ms requestId=1e7ff40e-aeeb-45f7-b1a0-1afc9790b85e
[WebServer] GET /api/v1/health 200 0.214 ms requestId=e18406fb-9bff-48c7-abd7-cfea153a7db3
[WebServer] GET /api/v1/transactions  undefined ms requestId=ae75d8f1-8dd9-4427-b3d2-b1b6324a706f
[WebServer] GET /api/v1/stats/summary 304 8.387 ms requestId=c3da5755-fe87-4b96-a749-dfb2bdf5e064
[WebServer] GET /api/v1/stats/by-category 200 15.139 ms requestId=87ca04b7-2c8b-4d87-ac5f-1e48d36a6aed
[WebServer] GET /api/v1/stats/monthly 200 11.296 ms requestId=5f1b9a13-c8cb-4db2-95a7-26a09b780b1a
[WebServer] GET /api/v1/transactions 200 8.191 ms requestId=94f365b2-49da-4232-999e-2b658eaf445c
[WebServer] GET /api/v1/transactions 200 24.116 ms requestId=ca18b91c-4174-4a6f-b620-fd940443a196
[WebServer] GET /api/v1/events/stream 200 10.246 ms requestId=2696aa4b-6ec5-473e-9c56-5682cded8702
  ✓  16 [chromium] › tests/data-flow.spec.js:77:3 › server-side list + statistics › sorts on the server (highest amount first) (2.5s)
[WebServer] POST /api/v1/auth/register 201 318.999 ms requestId=cba2d427-f975-417c-9887-4c37fce257f1
[WebServer] POST /api/v1/transactions/bulk 201 6.626 ms requestId=3c1f40f0-fe07-4ce6-bc15-6b26744db689
[WebServer] GET /api/v1/stats/summary 200 5.140 ms requestId=dca7319c-0213-42c9-9cbc-b6a5d4350674
[WebServer] GET /api/v1/auth/me 200 6.125 ms requestId=f1ab3ba5-23d5-48de-86fa-c7d43baf5241
[WebServer] GET /api/v1/auth/me 304 6.830 ms requestId=1f7565d8-d3af-45f9-b530-05b7a914d84b
[WebServer] GET /api/v1/transactions 200 10.070 ms requestId=5c7d7f6e-410e-4445-83dd-2e2218942c79
[WebServer] GET /api/v1/health 200 0.272 ms requestId=f83ef2b3-97c4-4bc0-9afd-eb5e1c2ce02e
[WebServer] GET /api/v1/stats/summary 200 39.228 ms requestId=a5b122c9-b5eb-4681-9ec3-8908090af897
[WebServer] GET /api/v1/stats/monthly  undefined ms requestId=c81ec8ea-36f3-4fea-ae3d-972d1c78f64b
[WebServer] GET /api/v1/stats/by-category  undefined ms requestId=1928cad1-b1be-400f-ba39-e55ea5b6b8e5
[WebServer] GET /api/v1/health 200 0.316 ms requestId=bbaf868e-7c1c-47a6-a066-10a2f10e1038
[WebServer] GET /api/v1/transactions  undefined ms requestId=f988b1f2-0570-4d80-a31f-cbe074b29106
[WebServer] GET /api/v1/stats/summary 200 22.320 ms requestId=9643ee41-19b9-4898-a3da-c4564425f598
[WebServer] GET /api/v1/stats/monthly 200 38.480 ms requestId=3217bd58-27b3-4edd-ac99-7f17269f0db4
[WebServer] GET /api/v1/stats/by-category 200 67.842 ms requestId=34121d57-8bfd-46c1-8164-396aa0a3ca17
[WebServer] GET /api/v1/transactions 200 35.754 ms requestId=3e077a09-fa33-4ba2-8b5f-1334ee0912fc
[WebServer] GET /api/v1/events/stream 200 8.461 ms requestId=6b24f510-f427-4e23-9ea4-e51ba9903e57
  ✓  17 [chromium] › tests/data-flow.spec.js:85:3 › server-side list + statistics › the stat cards show the numbers the API computed (2.6s)
[WebServer] POST /api/v1/auth/register 201 324.174 ms requestId=b3bef716-776c-45a9-9101-038aefb589a1
[WebServer] POST /api/v1/transactions/bulk 201 7.401 ms requestId=47061d72-a12f-4154-83e7-bd7308adc0ce
[WebServer] POST /api/v1/auth/register 201 316.373 ms requestId=7f747cde-9132-4667-bfab-cde57e58f152
[WebServer] GET /api/v1/auth/me 200 7.004 ms requestId=3140f531-19f6-40d2-a2d4-84660f4ffc63
[WebServer] GET /api/v1/auth/me 304 2.635 ms requestId=6a520a5a-9dff-4ea5-9dc0-8b8f9820d0de
[WebServer] GET /api/v1/transactions 200 5.448 ms requestId=b53b92eb-9d6b-4619-a892-576a41dba1e3
[WebServer] GET /api/v1/health 200 0.266 ms requestId=695e2760-63a9-4bd0-9843-2986856ec36b
[WebServer] GET /api/v1/stats/summary 200 14.731 ms requestId=3a971cea-fcdc-4ffd-8d7f-cc48f0c180ac
[WebServer] GET /api/v1/stats/monthly  undefined ms requestId=2a3f675d-2f85-4261-8460-a355227dc8ab
[WebServer] GET /api/v1/health 200 0.274 ms requestId=0819837c-aa07-447e-ab1f-9c97badfb1d8
[WebServer] GET /api/v1/stats/summary 200 12.202 ms requestId=5ba2a441-7b55-48d9-87de-a9ffd3734f8a
[WebServer] GET /api/v1/stats/monthly 200 47.716 ms requestId=838da4df-aafc-49cf-accf-b02a63c6dcf9
[WebServer] GET /api/v1/stats/by-category 200 63.835 ms requestId=5f2aa885-35e9-4cdb-afde-e8a89ba82902
[WebServer] GET /api/v1/transactions 200 19.730 ms requestId=e61568f7-5854-443f-b9ba-4154facce944
[WebServer] GET /api/v1/events/stream 200 3.229 ms requestId=4263baef-e994-4929-bec4-fe47d5e4d2c1
  ✓  18 [chromium] › tests/data-flow.spec.js:99:3 › server-side list + statistics › an empty account explains what to do next (3.2s)
[WebServer] POST /api/v1/auth/register 201 320.445 ms requestId=54f5b5d4-dd8f-4432-ad63-e81e41e39523
[WebServer] GET /api/v1/auth/me 200 8.315 ms requestId=27855aa8-b241-4c00-97d5-737906b204d9
[WebServer] GET /api/v1/auth/me 200 2.682 ms requestId=f8f5445b-02ed-4640-ae39-4d6aec946d2b
[WebServer] GET /api/v1/transactions 200 5.701 ms requestId=1528d0f7-54b2-4015-aab8-701e1ef35c42
[WebServer] GET /api/v1/auth/me 200 3.186 ms requestId=c80ee628-5971-4997-8ddf-3e610c194977
[WebServer] GET /api/v1/auth/me 304 11.095 ms requestId=c26467f0-a0dc-4470-9a36-38ce8ecfa0df
[WebServer] GET /api/v1/health 200 0.286 ms requestId=33139566-ecba-467d-8ed8-d7d9da6bb13f
[WebServer] GET /api/v1/stats/summary 200 6.599 ms requestId=a604e4ed-a970-4b5e-b360-304b335b3789
[WebServer] GET /api/v1/stats/monthly 200 32.743 ms requestId=7226e176-57e6-4ed7-b79d-0414791c64f0
[WebServer] GET /api/v1/stats/by-category 200 38.157 ms requestId=f6c1ddd6-c257-4aa7-bb8c-ab145cdb1790
[WebServer] GET /api/v1/health 200 0.400 ms requestId=72fe2ad8-bc6f-4432-b46d-de6a2b3fff1a
[WebServer] GET /api/v1/transactions  undefined ms requestId=4f502d62-41b2-42d2-83ad-791fb6149ada
[WebServer] GET /api/v1/stats/summary 304 64.822 ms requestId=098740f8-05ee-489f-9c1e-56f938bb865f
[WebServer] GET /api/v1/stats/by-category 200 44.661 ms requestId=6f6557e3-982e-4add-9e7d-5673a31f3acb
[WebServer] GET /api/v1/stats/monthly 200 21.407 ms requestId=34ca87f2-2a38-4f3e-acc7-ffeb82917624
[WebServer] GET /api/v1/transactions 200 20.485 ms requestId=e311858e-f66c-40da-8ec2-c68f7863d18c
[WebServer] GET /api/v1/transactions 200 11.937 ms requestId=b733fb2e-5681-49f6-9014-d0df957b7efd
[WebServer] GET /api/v1/health 200 2.712 ms requestId=5fe714c9-f2d4-44f9-8165-f22ba5ee3d5a
[WebServer] GET /api/v1/stats/by-category  undefined ms requestId=d76cf9ab-0633-497b-b25a-3d60e24381e2
[WebServer] GET /api/v1/stats/summary  undefined ms requestId=ebf1ea21-9249-45b6-bcb1-d6fc6cf800a2
[WebServer] GET /api/v1/health 200 1.949 ms requestId=71eac4fb-fb0a-404e-b87a-5dd5ef6b03dc
[WebServer] GET /api/v1/transactions  undefined ms requestId=d1216636-bce8-4d15-9759-7cba2f5a8e29
[WebServer] GET /api/v1/stats/monthly  undefined ms requestId=3a316976-201a-4077-8a7b-e1bcd2d434c1
[WebServer] GET /api/v1/stats/summary 200 49.125 ms requestId=b2e71f10-e5d5-4ea9-bc85-1b17935eb176
[WebServer] GET /api/v1/stats/by-category 200 40.232 ms requestId=f6763477-ea73-428c-8275-397cac84821c
[WebServer] GET /api/v1/transactions 200 8.151 ms requestId=c58304c7-4dda-46c6-b758-5d6862e8143d
[WebServer] GET /api/v1/stats/monthly 200 15.623 ms requestId=d9d0d4a5-9642-451f-807b-bd6b6533ddcc
[WebServer] POST /api/v1/transactions 201 22.639 ms requestId=99e7ea83-4bfc-42eb-8236-ef07571c54ee
[WebServer] GET /api/v1/stats/summary 200 13.493 ms requestId=a881df5d-acb5-4786-9f2c-a99d10c24c0c
[WebServer] GET /api/v1/stats/by-category 200 30.601 ms requestId=4d9754d1-0f5d-4e87-810e-7d950ce1d599
[WebServer] GET /api/v1/stats/monthly 200 26.475 ms requestId=7e42e673-28cc-4fba-91d6-5c560fbc4d88
[WebServer] GET /api/v1/transactions 200 24.854 ms requestId=54e59800-b2c2-41eb-b54f-eec1e8751a1c
[WebServer] GET /api/v1/stats/summary 200 6.256 ms requestId=447f7af7-d3ff-45f7-b6d1-3a1835323fc7
[WebServer] GET /api/v1/stats/by-category 200 7.066 ms requestId=f9a3ad64-4242-4c6a-a695-2380a4c6a068
[WebServer] GET /api/v1/stats/monthly 200 15.458 ms requestId=32ee2921-53f6-4fcc-a154-a151f6907fe6
[WebServer] GET /api/v1/transactions 200 15.844 ms requestId=ef09d048-1eca-4f4b-a7f6-1b59e5745d40
[WebServer] GET /api/v1/events/stream 200 7.812 ms requestId=ae1378e9-60ec-49cb-822e-20cd567036cd
[WebServer] GET /api/v1/events/stream 200 7.164 ms requestId=892773db-fe4b-4a25-9f1c-222909027dc9
  ✓  19 [chromium] › tests/realtime.spec.js:13:3 › live sync across devices (SSE) › a transaction added on one device appears on the other instantly (6.1s)
[WebServer] POST /api/v1/auth/register 201 320.612 ms requestId=fc62514b-a57c-4731-bf9d-e2eaa8ead0de
[WebServer] POST /api/v1/transactions/bulk 201 5.206 ms requestId=8a6f2694-2de3-493d-b08c-20936ec22fce
[WebServer] GET /api/v1/auth/me 200 3.296 ms requestId=11ee6a71-c842-4868-8ac6-22dd0066521c
[WebServer] GET /api/v1/auth/me 304 6.836 ms requestId=7e0d4dec-9bed-4cef-ad82-4e6f58fabe90
[WebServer] GET /api/v1/transactions 200 8.927 ms requestId=617512c2-2a1b-4e1e-83d6-07230b377275
[WebServer] GET /api/v1/auth/me 200 2.942 ms requestId=28bc9e92-1de4-42b7-bcfa-cea69d8b7f50
[WebServer] GET /api/v1/auth/me 304 2.929 ms requestId=466cc619-d4f9-4832-bbdd-b9d88bd876db
[WebServer] GET /api/v1/health 200 0.254 ms requestId=25fb22f1-c989-4474-bc11-0cfb0ab17f87
[WebServer] GET /api/v1/stats/summary  undefined ms requestId=8e7b12a5-72c6-4530-811e-0a746325d931
[WebServer] GET /api/v1/stats/by-category  undefined ms requestId=e260d728-ec72-4a87-a1d9-6cb13e61e376
[WebServer] GET /api/v1/stats/summary 200 16.312 ms requestId=9ceb7a5c-d346-4812-94eb-bc8521ac31e6
[WebServer] GET /api/v1/stats/monthly 200 29.876 ms requestId=c90eefc4-87f7-40c3-b682-beba7130ef64
[WebServer] GET /api/v1/stats/by-category 200 40.257 ms requestId=906926f9-a5b2-4ba6-accb-9e965666bfcd
[WebServer] GET /api/v1/health 200 0.359 ms requestId=42d0b68a-4630-4198-bd2d-a38284294f57
[WebServer] GET /api/v1/transactions 200 59.258 ms requestId=65fcf70c-393c-434e-9945-5153c2f68844
[WebServer] GET /api/v1/transactions 200 6.505 ms requestId=45513b8e-5886-481b-8e6b-012f9a03b516
[WebServer] GET /api/v1/health 200 0.301 ms requestId=0e6171d0-020c-4b22-a26f-4a2fdfbbef5f
[WebServer] GET /api/v1/stats/by-category 200 29.280 ms requestId=acf1f79f-0e0d-4503-b34c-b8d59f3ed347
[WebServer] GET /api/v1/stats/monthly 200 33.374 ms requestId=9057e5d6-12d0-466b-9fbc-820e6e07ab51
[WebServer] GET /api/v1/stats/summary 200 94.178 ms requestId=adb2691e-e64b-42c6-9b62-93b5a6087dc0
[WebServer] GET /api/v1/health 200 0.199 ms requestId=58abb3c8-ea56-4f77-9508-058fe383089a
[WebServer] GET /api/v1/transactions 200 104.409 ms requestId=2806e899-86fb-472c-9364-f0e152ed6328
[WebServer] GET /api/v1/stats/by-category 304 33.775 ms requestId=c3bb4af2-61ae-480b-a89d-94580f229f3f
[WebServer] GET /api/v1/stats/monthly 304 80.032 ms requestId=79a1bffc-6687-4e26-898a-9a17e22aa726
[WebServer] GET /api/v1/stats/summary 200 87.727 ms requestId=f68a0ff0-ed08-4bcf-8894-b8b3287ba010
[WebServer] GET /api/v1/transactions 200 43.861 ms requestId=ebb4d3fb-4828-42b7-a360-449579c9c402
[WebServer] DELETE /api/v1/transactions/6ab7ff5b3c56c3074e210e9d 204 15.538 ms requestId=33457090-dff3-4334-98ad-f9d18abfba95
[WebServer] GET /api/v1/stats/summary 200 9.897 ms requestId=71952b54-8da9-4d50-8dfa-eb327e0d0735
[WebServer] GET /api/v1/stats/by-category 200 27.637 ms requestId=6298a8b3-f189-4b2d-bca9-7e88a7890634
[WebServer] GET /api/v1/stats/monthly 200 27.183 ms requestId=2f932d7d-e379-4e36-aea0-4021628e3b9a
[WebServer] GET /api/v1/transactions 200 7.727 ms requestId=b59e4cb7-eb8c-4a1a-a93f-de22b9c62145
[WebServer] GET /api/v1/stats/summary 200 10.251 ms requestId=63adb34f-250a-4336-a865-8c2cc64e1567
[WebServer] GET /api/v1/stats/by-category 200 13.114 ms requestId=731296ee-b788-4c3d-8e58-fda6ea3f9c62
[WebServer] GET /api/v1/stats/monthly 200 12.688 ms requestId=8e318bda-44e0-409d-ac3a-d4988fba442d
[WebServer] GET /api/v1/transactions 200 27.180 ms requestId=3a0f4dd5-6e30-4db2-b434-604b0b1aeb3c
[WebServer] GET /api/v1/events/stream 200 8.712 ms requestId=8a702a35-7649-44b9-9476-89abd961a6cf
[WebServer] GET /api/v1/events/stream 200 12.077 ms requestId=a539d253-d29d-4e73-8a34-003e5b35d23f
  ✓  20 [chromium] › tests/realtime.spec.js:42:3 › live sync across devices (SSE) › deleting on one device removes the row on the other (5.8s)
[WebServer] POST /api/v1/auth/register 201 317.378 ms requestId=f0fec8d4-4ea5-429e-bc9e-5c7e26d56201
[WebServer] GET /api/v1/auth/me 200 3.230 ms requestId=a3ea82c3-db96-4c78-80ba-49d79f81c6d7
[WebServer] GET /api/v1/auth/me 304 5.545 ms requestId=b5be337e-cf09-4331-be61-b53dc127106a
[WebServer] GET /api/v1/transactions 200 7.185 ms requestId=17e1cb34-4bb0-4499-ab3e-8c200eb5565c
[WebServer] GET /api/v1/health 200 0.524 ms requestId=bbfcb097-f98f-4032-be91-cd5233b96182
[WebServer] GET /api/v1/stats/summary 200 6.042 ms requestId=54f08d18-e031-4ca8-bcec-541c346fdc29
[WebServer] GET /api/v1/stats/by-category  undefined ms requestId=9f5d0ec0-53e5-4bab-9400-95f6b7d14123
[WebServer] GET /api/v1/stats/monthly  undefined ms requestId=c7085cfc-874b-4d41-8290-864955876a8d
[WebServer] GET /api/v1/health 200 0.268 ms requestId=5a4e6844-0fd5-4720-8634-899f124bccd6
[WebServer] GET /api/v1/transactions  undefined ms requestId=afde0fcb-47ea-4fc6-b5a8-83c03070e8a0
[WebServer] GET /api/v1/stats/summary 304 36.898 ms requestId=c1a5038c-9a8d-4d15-bcd2-1112c6e40ec8
[WebServer] GET /api/v1/stats/by-category 200 43.647 ms requestId=4541864a-f210-4347-b28b-344b08de9cde
[WebServer] GET /api/v1/stats/monthly 200 23.079 ms requestId=c78fbffd-20d9-4258-981b-48e8550f2f0b
[WebServer] GET /api/v1/transactions 200 20.692 ms requestId=dd500be1-7f82-408b-8986-c02f1dc271d2
[WebServer] GET /api/v1/events/status 200 6.088 ms requestId=d2a82b10-f89e-4cb5-b08d-32c24d7dfee7
[WebServer] GET /api/v1/events/stream 200 7.291 ms requestId=c97ce255-b6bd-46dc-aed4-8130f39ff1b8
  ✓  21 [chromium] › tests/realtime.spec.js:69:3 › live sync across devices (SSE) › the stream endpoint reports the open connections (2.3s)
[WebServer] POST /api/v1/auth/register 201 329.495 ms requestId=3f851e85-b023-4502-94e1-13c5d8486ff2
[WebServer] GET /api/v1/auth/me 200 2.892 ms requestId=97929a98-e23c-4d71-b246-70e488a2ed01
[WebServer] GET /api/v1/transactions 200 8.104 ms requestId=af3b7f04-13f5-4136-91af-9d26754e1e6b
[WebServer] GET /api/v1/stats/summary 200 6.776 ms requestId=ed1167e0-53f5-4f29-a05f-f45e9e729354
[WebServer] GET /api/v1/events/status 200 3.811 ms requestId=8d251852-38e9-4e44-94ff-ee1152fed63c
[WebServer] GET /api/v1/stats/summary 304 7.947 ms requestId=d8d731fa-0227-410e-bf04-518d19289a53
[WebServer] GET /api/v1/events/status 304 3.879 ms requestId=29d1b7ec-47a2-4c76-8fd8-891c18e15008
[WebServer] PATCH /api/v1/auth/me 200 18.460 ms requestId=8c3ef655-668d-4c1c-8cfa-334650ad4dfd
[WebServer] GET /api/v1/auth/me 200 9.590 ms requestId=aafb9bb7-515d-40d0-bd98-6298d244a668
[WebServer] GET /api/v1/events/stream 200 7.881 ms requestId=b3d39b4b-3a61-47f1-bb87-de64115f20e9
[WebServer] GET /api/v1/auth/me 200 3.067 ms requestId=a5962627-8f63-4e10-8283-d0dda22ed146
[WebServer] GET /api/v1/auth/me 304 9.610 ms requestId=007b01b7-e37a-48fd-a804-4df931e39c9d
[WebServer] GET /api/v1/transactions 200 4.617 ms requestId=c868d289-f0ed-4852-ac5b-df63747ba225
[WebServer] GET /api/v1/stats/summary 304 6.971 ms requestId=0ab35eb9-3bd1-4178-9871-048bfb1411db
[WebServer] GET /api/v1/events/status 304 8.226 ms requestId=1f114ef4-ccf8-451c-b3fb-72778cc71b59
[WebServer] GET /api/v1/stats/summary 304 7.040 ms requestId=a8f52c24-678f-4849-bb9b-211ae8f9153d
[WebServer] GET /api/v1/events/status 200 7.034 ms requestId=9d1a524b-a37d-45a2-90c9-28f8828ae8aa
[WebServer] GET /api/v1/events/stream 200 7.664 ms requestId=503bf542-c765-4881-8935-caaa611b8861
  ✓  22 [chromium] › tests/settings-and-errors.spec.js:14:3 › settings page › renames the account through PATCH /auth/me (2.4s)
[WebServer] POST /api/v1/auth/register 201 316.626 ms requestId=3524189d-51c1-4cee-915b-d90b21516f70
[WebServer] GET /api/v1/auth/me 200 13.501 ms requestId=19490942-54fd-4e1e-9fae-a8701e43ca45
[WebServer] GET /api/v1/auth/me 304 19.935 ms requestId=34fba961-6aa8-443c-9d7d-73344df284ee
[WebServer] GET /api/v1/transactions 200 13.257 ms requestId=bd03109c-952f-4297-9057-91159e903c71
[WebServer] GET /api/v1/stats/summary  undefined ms requestId=2c596207-aaec-4d7c-97f9-2a7544ac1577
[WebServer] GET /api/v1/stats/summary 200 9.230 ms requestId=f32bd470-39be-44bc-aacf-04d66c4c42bc
[WebServer] GET /api/v1/events/status 200 4.393 ms requestId=d59a89c5-dc27-462a-9e53-b98f18acd4c9
[WebServer] PATCH /api/v1/auth/password 200 765.537 ms requestId=b4d69524-653e-4677-98fb-89936c1746dd
[WebServer] POST /api/v1/auth/login 200 355.032 ms requestId=164e325c-8dcf-4314-b347-18a535a01017
[WebServer] POST /api/v1/auth/login 401 331.486 ms requestId=e90193a6-2dee-4843-acad-ec0f5a2b3fca
[WebServer] GET /api/v1/events/stream 200 9.243 ms requestId=4357cb07-b61f-4bb4-b0eb-2952afebc5d8
  ✓  23 [chromium] › tests/settings-and-errors.spec.js:35:3 › settings page › changes the password and can sign in with the new one (3.1s)
[WebServer] POST /api/v1/auth/register 201 316.990 ms requestId=2718cede-c1e1-4c00-864d-e06aea970238
[WebServer] POST /api/v1/transactions/bulk 201 5.429 ms requestId=3f1de35f-dc51-40b0-b74a-95967368f509
[WebServer] GET /api/v1/auth/me 200 2.977 ms requestId=ca1109da-d854-4435-bc8a-c6ce28c47c27
[WebServer] GET /api/v1/auth/me 304 6.973 ms requestId=328d0a08-8ef7-4e7d-a90e-750dea01eb29
[WebServer] GET /api/v1/transactions 200 22.613 ms requestId=6c0a39cb-3d9a-4a91-9246-4d1620dee0e7
[WebServer] GET /api/v1/stats/summary 200 8.638 ms requestId=075e7c1f-3f90-4df3-80b3-db97912ddd3d
[WebServer] GET /api/v1/events/status 200 3.663 ms requestId=33f06ba0-e8c3-43fe-a126-c00fe522da6b
[WebServer] GET /api/v1/events/status 304 20.997 ms requestId=5fa8a79d-6aa1-46b5-a5ee-97849e4907c3
[WebServer] GET /api/v1/stats/summary 304 38.856 ms requestId=181e3886-a7f6-4a8c-8e8f-893a13d8c077
[WebServer] DELETE /api/v1/transactions 200 14.570 ms requestId=56d3347f-1417-4d9e-ad7f-a5208f4ffd68
[WebServer] GET /api/v1/stats/summary 200 5.607 ms requestId=5c45704e-71a1-4ad0-b0d0-1d47212aca19
[WebServer] GET /api/v1/events/status 304 8.562 ms requestId=df289241-829d-4ada-bca5-77e6d38caa06
[WebServer] GET /api/v1/transactions 200 5.080 ms requestId=7aa3235e-bba5-4c7b-85bd-b3deeaeed4d2
[WebServer] GET /api/v1/events/stream 200 2.203 ms requestId=b40d1fd4-422a-4578-afc6-a02ec98b40f2
  ✓  24 [chromium] › tests/settings-and-errors.spec.js:53:3 › settings page › deletes every transaction with one request (danger zone) (1.9s)
[WebServer] POST /api/v1/auth/register 201 328.961 ms requestId=10f37f92-d57d-4be5-9265-c88b6bac0c33
[WebServer] POST /api/v1/transactions/bulk 201 7.633 ms requestId=faa20e37-d54d-4aa8-8550-c2d5af49c6b0
[WebServer] GET /api/v1/auth/me 200 4.148 ms requestId=11d6cc1a-8373-41a0-830d-496cae76a76b
[WebServer] GET /api/v1/auth/me 304 16.271 ms requestId=d6213eaf-302e-4f17-b104-7510f6076678
[WebServer] GET /api/v1/transactions 200 6.825 ms requestId=09055607-0f55-49a8-89e9-e01cf955ad6b
[WebServer] GET /api/v1/stats/summary 200 12.223 ms requestId=837762ee-df61-48c3-b7fa-e9d021591198
[WebServer] GET /api/v1/events/status 200 4.830 ms requestId=3f1837ab-02e9-4295-b83b-d41968240bab
[WebServer] GET /api/v1/events/stream 200 6.614 ms requestId=12a83a8f-a3d2-4152-9dd1-6cf50a0a7b5c
  ✓  25 [chromium] › tests/settings-and-errors.spec.js:70:3 › settings page › exports the account data as JSON (1.5s)
[WebServer] POST /api/v1/auth/register 201 336.040 ms requestId=d9aa2e97-efa1-41e1-822e-4113a0e12d3e
  ✓  26 [chromium] › tests/settings-and-errors.spec.js:84:3 › graceful error handling › explains a stopped back-end instead of breaking the page (2.7s)
[WebServer] POST /api/v1/auth/register 201 326.942 ms requestId=611dc682-5441-4cf8-be00-d6f0456f065a
[WebServer] GET /api/v1/health 200 0.281 ms requestId=9a15304d-8bc1-4eee-b043-bc39cfc070ba
[WebServer] GET /api/v1/auth/me 200 6.602 ms requestId=8d6a6e4a-24eb-4a92-8c71-a2fb920316ea
[WebServer] GET /api/v1/health 200 0.260 ms requestId=a321b58c-7049-4720-bab4-8154dcfd2392
[WebServer] GET /api/v1/stats/summary 200 5.222 ms requestId=47875c95-ea03-4b4d-85ee-c918fe3ab904
[WebServer] GET /api/v1/stats/by-category 200 6.216 ms requestId=0f447cfd-1e66-419a-83c2-28c5c80218bd
[WebServer] GET /api/v1/stats/monthly 200 32.357 ms requestId=562366f8-5b78-46b4-91e8-00a6de87cae4
[WebServer] GET /api/v1/transactions 200 13.972 ms requestId=a5e9bd8c-df12-4c29-baed-55174aa7cad1
[WebServer] GET /api/v1/transactions 200 15.910 ms requestId=710ceaaa-ace6-4763-80e9-76456e63638e
[WebServer] GET /api/v1/events/stream 200 10.179 ms requestId=ea369c94-d6de-499d-b8c3-d4b3a39a12b9
  ✓  27 [chromium] › tests/settings-and-errors.spec.js:99:3 › graceful error handling › the retry button recovers once the API answers again (3.6s)
[WebServer] POST /api/v1/auth/register 201 334.673 ms requestId=1c8a12cc-e561-4f6c-bae1-e30242967bc1
[WebServer] GET /api/v1/auth/me 200 4.171 ms requestId=b92a49f3-cf1e-4562-ab03-1c1a11c57ae4
[WebServer] GET /api/v1/auth/me 304 3.065 ms requestId=ce02d71a-2c7b-4711-a600-afa9d2acc380
[WebServer] GET /api/v1/events/stream 200 2.872 ms requestId=c05025bc-d64c-456e-838c-2bc066a8993c
[WebServer] GET /api/v1/auth/me 200 4.622 ms requestId=09b34ce4-f8b3-42ae-be2b-6a8eb9a4b018
[WebServer] GET /api/v1/auth/me 200 5.167 ms requestId=18a25fab-4197-4584-a114-3d6942749df0
[WebServer] GET /api/v1/auth/me 200 2.767 ms requestId=2c7b9aec-cbca-4c13-a1dc-b3831b3631b4
[WebServer] GET /api/v1/events/stream 200 2.544 ms requestId=fac5f1c4-85a8-4618-bb2a-8581d0b7126c
  ✓  28 [chromium] › tests/settings-and-errors.spec.js:116:3 › graceful error handling › an expired session sends the user back to the login page with an explanation (3.9s)
[WebServer] POST /api/v1/auth/register 201 314.413 ms requestId=1bb7f336-2fda-4079-adb4-b0feb07c2eb0
[WebServer] GET /api/v1/auth/me 200 3.746 ms requestId=3a86dde7-6b64-4628-a2fb-0ab09b86186b
[WebServer] GET /api/v1/auth/me 304 3.113 ms requestId=fab26cac-7b4d-4b25-b07a-349711c17b81
[WebServer] GET /api/v1/transactions 200 7.385 ms requestId=c5e480e8-d195-49a1-9d02-a1ca798ae94a
[WebServer] GET /api/v1/health 200 0.302 ms requestId=7f4ecfde-fb23-42af-b0ca-2d59d2fa730b
[WebServer] GET /api/v1/stats/summary 200 26.877 ms requestId=282c290b-f484-45fc-aad7-8efde2e317f1
[WebServer] GET /api/v1/stats/monthly  undefined ms requestId=363dc435-0a59-4080-93c5-acbd3e1f80df
[WebServer] GET /api/v1/stats/by-category  undefined ms requestId=7ad490fc-2e72-48a1-94e7-18eb58dbd612
[WebServer] GET /api/v1/health 200 0.296 ms requestId=2d166484-ef3a-431a-8ad5-9b35318e0e47
[WebServer] GET /api/v1/transactions  undefined ms requestId=cdce989c-0093-45a3-a76f-7d532147e42e
[WebServer] GET /api/v1/stats/summary 200 17.085 ms requestId=adfca9bd-dfbf-4b06-96f5-88715ed0da14
[WebServer] GET /api/v1/stats/by-category 200 17.131 ms requestId=3d2774a3-9a5a-4774-88f2-9b9829c2f3f5
[WebServer] GET /api/v1/stats/monthly 200 21.849 ms requestId=1db40734-c7c5-45f2-9e6e-2973c9759d55
[WebServer] GET /api/v1/transactions 200 31.892 ms requestId=5b209440-0c2c-40c4-9fe9-eb1e5a387cf8
[WebServer] POST /api/v1/transactions 201 4.866 ms requestId=4a28c9f1-8bc1-4a11-b5c0-d41c9c9316c6
[WebServer] GET /api/v1/stats/summary 200 15.984 ms requestId=086f8828-a054-421f-9578-ac6ee5022f87
[WebServer] GET /api/v1/stats/by-category 200 15.533 ms requestId=71851a5e-1ef2-40be-baff-1a7319c8cf43
[WebServer] GET /api/v1/stats/monthly 304 22.638 ms requestId=d423dc61-cf93-46ef-81d0-dfa8ad66dd4c
[WebServer] GET /api/v1/transactions 200 12.741 ms requestId=86bb4705-1de9-4ac9-bc97-c9ee56012be6
[WebServer] GET /api/v1/events/stream 200 16.137 ms requestId=4de4f142-a848-4cea-b1c7-130eb4b90de3
[WebServer] GET /api/v1/auth/me 304 6.220 ms requestId=ae475e49-e862-47cc-9c18-d10e2495e356
[WebServer] GET /api/v1/auth/me 304 2.854 ms requestId=65f4ebcc-af8a-4698-8c73-f6f410a22db0
[WebServer] GET /api/v1/transactions 200 6.521 ms requestId=ad9fcb9c-ca1c-463b-8df9-ae9c1713ad99
[WebServer] GET /api/v1/health 200 0.633 ms requestId=b6668528-08e2-45e1-9869-02816446c662
[WebServer] GET /api/v1/stats/monthly 304 27.587 ms requestId=bcf64351-e4d3-4ad9-8672-b0cb51107926
[WebServer] GET /api/v1/stats/summary 304 53.738 ms requestId=08e5b697-b7a3-4b82-b155-588dbac49bd3
[WebServer] GET /api/v1/transactions 200 29.483 ms requestId=36ef1544-df97-4967-9f4f-a06740fc7c05
[WebServer] GET /api/v1/stats/by-category 304 46.476 ms requestId=78079817-65db-4fc1-962d-b05c5ff0c003
[WebServer] GET /api/v1/health 200 0.238 ms requestId=dd598964-d58b-4e5b-838e-670038c65a8a
[WebServer] GET /api/v1/stats/summary 304 31.531 ms requestId=007c9094-362a-4659-b319-178e93f5f7a7
[WebServer] GET /api/v1/stats/by-category 304 48.199 ms requestId=3f0c0288-ed55-4ff1-8fa1-acbbe5ed0c9c
[WebServer] GET /api/v1/stats/monthly 304 29.728 ms requestId=2b16c4dd-4e58-46bd-9ca3-66f53d164a7e
[WebServer] GET /api/v1/transactions 200 9.605 ms requestId=77d32259-4e36-49c9-a244-2037479ee250
[WebServer] GET /api/v1/transactions 200 6.170 ms requestId=2a292a70-56c2-43e2-bcd9-b8a08ddd0f2c
[WebServer] GET /api/v1/events/stream 200 3.206 ms requestId=ea2f183f-9ba2-40d2-8f6c-9b280e40e50b
  ✓  29 [chromium] › tests/week5-regressions.spec.js:5:1 › W5 valid leap-day transaction survives UI save, API read and reload (5.2s)
[WebServer] POST /api/v1/auth/register 201 347.011 ms requestId=e0e3ff3a-2299-4816-b63f-6f98fa887a64
[WebServer] GET /api/v1/auth/me 200 4.222 ms requestId=638b11f2-872e-46b4-86b6-f1a3d4f68560
[WebServer] GET /api/v1/auth/me 200 3.717 ms requestId=0feab5d5-b1d2-4ebe-b523-5039b9f9b851
[WebServer] GET /api/v1/transactions 200 9.530 ms requestId=cd2c916f-06e0-4b70-bcc7-3e6bb5093e6a
[WebServer] GET /api/v1/health 200 0.256 ms requestId=65cb2261-75ad-4360-942d-4820a48f7713
[WebServer] GET /api/v1/stats/by-category 200 70.594 ms requestId=5a5eb0fe-bf2e-4120-a958-c51d06d8485e
[WebServer] GET /api/v1/stats/summary 200 74.449 ms requestId=5b56bcd1-7d96-44a9-b9aa-788e08cd79cd
[WebServer] GET /api/v1/stats/monthly  undefined ms requestId=1b5a6f25-5a69-4088-92e9-4aa58e4ed105
[WebServer] GET /api/v1/health 200 0.276 ms requestId=5229488b-40f1-4983-8c4b-5740ec34b40e
[WebServer] GET /api/v1/transactions  undefined ms requestId=2c50b1b7-3d94-4028-9cce-7e68fb3e916d
[WebServer] GET /api/v1/stats/summary 200 33.145 ms requestId=f1bdef5e-3d2e-4dca-bd74-8658494e088d
[WebServer] GET /api/v1/stats/by-category 200 31.076 ms requestId=2da44de4-db38-48b2-a310-f35e81b50d36
[WebServer] GET /api/v1/stats/monthly 200 34.164 ms requestId=6558aa37-cd05-4c6b-a031-92cf59f29f58
[WebServer] GET /api/v1/transactions 200 24.033 ms requestId=3a6b8212-8ec5-4ca8-add1-6c04a6bcee59
[WebServer] POST /api/v1/transactions 422 8.582 ms requestId=7e622251-c5dd-4cc8-9d9e-d75d87864bb6
[WebServer] GET /api/v1/transactions 200 14.653 ms requestId=acdb3bf1-7c21-4d68-8928-094a43e7c9c6
  ✓  30 [chromium] › tests/week5-regressions.spec.js:26:1 › W5 malformed date through same-origin browser fetch is rejected without database writes (2.4s)
[WebServer] GET /api/v1/events/stream 200 5.118 ms requestId=cca7ed09-0f58-40f6-b121-98197d712671

  30 passed (1.8m)
