
> spendwise@1.0.0 test
> vitest run --coverage --reporter=default --reporter=json --outputFile.json=../docs/evidence/client-results.json


 RUN  v4.1.11 /home/user/week5-testing-optimization/client
      Coverage enabled with v8

stderr | src/test/App.test.jsx > App navigation > renders the landing page and navigates to the dashboard
The width(0) and height(0) of chart should be greater than 0,
       please check the style of container, or the props width(100%) and height(100%),
       or add a minWidth(0) or minHeight(undefined) or use aspect(undefined) to control the
       height and width.
The width(0) and height(0) of chart should be greater than 0,
       please check the style of container, or the props width(100%) and height(100%),
       or add a minWidth(0) or minHeight(undefined) or use aspect(undefined) to control the
       height and width.

stderr | src/test/App.test.jsx > App navigation > opens a transaction detail view from the dashboard list
The width(0) and height(0) of chart should be greater than 0,
       please check the style of container, or the props width(100%) and height(100%),
       or add a minWidth(0) or minHeight(undefined) or use aspect(undefined) to control the
       height and width.
The width(0) and height(0) of chart should be greater than 0,
       please check the style of container, or the props width(100%) and height(100%),
       or add a minWidth(0) or minHeight(undefined) or use aspect(undefined) to control the
       height and width.

stderr | src/test/App.test.jsx > App navigation > opens a transaction detail view from the dashboard list
The width(0) and height(0) of chart should be greater than 0,
       please check the style of container, or the props width(100%) and height(100%),
       or add a minWidth(0) or minHeight(undefined) or use aspect(undefined) to control the
       height and width.
The width(0) and height(0) of chart should be greater than 0,
       please check the style of container, or the props width(100%) and height(100%),
       or add a minWidth(0) or minHeight(undefined) or use aspect(undefined) to control the
       height and width.

 ✓ src/test/App.test.jsx (4 tests) 2685ms
     ✓ renders the landing page and navigates to the dashboard  1589ms
     ✓ opens a transaction detail view from the dashboard list  392ms
     ✓ shows the 404 page for unknown routes  323ms
     ✓ renders converted amount from the exchange-rate API  378ms
stderr | src/test/api.test.jsx > <TransactionsProvider /> in API mode > surfaces API errors to the caller instead of mutating local state
An update to TransactionsProvider inside a test was not wrapped in act(...).

When testing, code that causes React state updates should be wrapped into act(...):

act(() => {
  /* fire events that update state */
});
/* assert on the output */

This ensures that you're testing the behavior the user would see in the browser. Learn more at https://react.dev/link/wrap-tests-with-act

stderr | src/test/api.test.jsx > <TransactionsProvider /> in API mode > surfaces API errors to the caller instead of mutating local state
An update to TransactionsProvider inside a test was not wrapped in act(...).

When testing, code that causes React state updates should be wrapped into act(...):

act(() => {
  /* fire events that update state */
});
/* assert on the output */

This ensures that you're testing the behavior the user would see in the browser. Learn more at https://react.dev/link/wrap-tests-with-act

 ✓ src/test/api.test.jsx (13 tests) 1872ms
     ✓ reports network failures in plain language  1006ms
     ✓ shows the API error message when credentials are wrong  536ms
 ✓ src/test/week4-ui.test.jsx (17 tests) 1166ms
 ✓ src/test/TransactionForm.test.jsx (8 tests) 797ms
     ✓ shows accessible error messages and does not submit when invalid  328ms
stderr | src/test/week4-integration.test.jsx > optimistic mutations > rolls back when the API rejects the create
An update to TransactionsProvider inside a test was not wrapped in act(...).

When testing, code that causes React state updates should be wrapped into act(...):

act(() => {
  /* fire events that update state */
});
/* assert on the output */

This ensures that you're testing the behavior the user would see in the browser. Learn more at https://react.dev/link/wrap-tests-with-act

stderr | src/test/week4-integration.test.jsx > optimistic mutations > rolls back when the API rejects the create
An update to TransactionsProvider inside a test was not wrapped in act(...).

When testing, code that causes React state updates should be wrapped into act(...):

act(() => {
  /* fire events that update state */
});
/* assert on the output */

This ensures that you're testing the behavior the user would see in the browser. Learn more at https://react.dev/link/wrap-tests-with-act

stderr | src/test/week4-integration.test.jsx > optimistic mutations > removes the row immediately on delete and restores it if the API fails
An update to TransactionsProvider inside a test was not wrapped in act(...).

When testing, code that causes React state updates should be wrapped into act(...):

act(() => {
  /* fire events that update state */
});
/* assert on the output */

This ensures that you're testing the behavior the user would see in the browser. Learn more at https://react.dev/link/wrap-tests-with-act

stderr | src/test/week4-integration.test.jsx > optimistic mutations > removes the row immediately on delete and restores it if the API fails
An update to TransactionsProvider inside a test was not wrapped in act(...).

When testing, code that causes React state updates should be wrapped into act(...):

act(() => {
  /* fire events that update state */
});
/* assert on the output */

This ensures that you're testing the behavior the user would see in the browser. Learn more at https://react.dev/link/wrap-tests-with-act

 ✓ src/test/week4-integration.test.jsx (13 tests) 582ms
 ✓ src/test/week5-form.test.jsx (7 tests) 294ms
 ✓ src/test/TransactionsContext.test.jsx (6 tests) 45ms
 ✓ src/test/format.test.js (7 tests) 26ms
 ✓ src/test/week5-api.test.js (7 tests) 20ms
 ✓ src/test/stats.test.js (10 tests) 18ms

 Test Files  10 passed (10)
      Tests  92 passed (92)
   Start at  17:20:02
   Duration  20.81s (transform 684ms, setup 1.59s, import 1.05s, tests 7.50s, environment 7.82s)

JSON report written to /home/user/week5-testing-optimization/docs/evidence/client-results.json
 % Coverage report from v8
-------------------|---------|----------|---------|---------|-------------------
File               | % Stmts | % Branch | % Funcs | % Lines | Uncovered Line #s 
-------------------|---------|----------|---------|---------|-------------------
All files          |   76.55 |    67.83 |   70.65 |   79.77 |                   
 src               |   82.35 |      100 |   77.77 |      90 |                   
  App.jsx          |    87.5 |      100 |   77.77 |     100 |                   
  main.jsx         |       0 |      100 |     100 |       0 | 11                
 ...ponents/charts |   52.17 |    33.33 |   54.54 |   57.14 |                   
  ...goryDonut.jsx |   58.33 |     37.5 |      80 |   63.63 | 13-15,32          
  TrendBars.jsx    |   45.45 |       30 |   33.33 |      50 | 11-16,39-45       
 ...nents/feedback |      70 |    69.04 |   83.33 |   70.58 |                   
  ...ionBanner.jsx |   66.66 |    61.29 |      80 |   66.66 | 34,52-65          
  SyncBadge.jsx    |     100 |     90.9 |     100 |     100 | 42                
 ...ponents/layout |   62.79 |       50 |    62.5 |   70.27 |                   
  Footer.jsx       |     100 |      100 |     100 |     100 |                   
  Layout.jsx       |     100 |      100 |     100 |     100 |                   
  Navbar.jsx       |   57.89 |       50 |   53.84 |   65.62 | 69-83,130-132     
 ...s/transactions |    91.3 |    87.36 |   83.33 |    95.5 |                   
  FilterBar.jsx    |      75 |       50 |      60 |   83.33 | 84                
  Pagination.jsx   |   96.42 |    95.83 |    87.5 |   95.23 | 49                
  ...ctionForm.jsx |   93.15 |    85.24 |     100 |     100 | ...-52,99-103,229 
  ...ctionItem.jsx |   66.66 |      100 |   33.33 |   66.66 | 60-68             
 src/components/ui |   79.62 |     75.3 |   77.77 |   82.35 |                   
  Badge.jsx        |     100 |       70 |     100 |     100 | 35-41             
  Button.jsx       |     100 |    90.47 |     100 |     100 | 51-54             
  EmptyState.jsx   |       0 |        0 |       0 |       0 | 8                 
  ...rBoundary.jsx |   33.33 |       25 |      50 |      25 | 14-23,28          
  Icon.jsx         |     100 |    66.66 |     100 |     100 | 64-77             
  Modal.jsx        |      84 |    78.94 |   83.33 |    91.3 | 35-36             
  Skeleton.jsx     |     100 |      100 |     100 |     100 |                   
  StatCard.jsx     |     100 |      100 |     100 |     100 |                   
 src/context       |   76.28 |    63.93 |   77.38 |   79.67 |                   
  AuthContext.jsx  |   86.25 |    72.22 |   91.66 |   87.32 | ...29-132,150-151 
  ThemeContext.jsx |   77.27 |    58.33 |   71.42 |   94.11 | 15                
  ToastContext.jsx |      75 |    66.66 |    62.5 |    90.9 | 31,67             
  ...nsContext.jsx |   71.42 |    62.92 |   75.67 |   72.05 | ...98,311-317,328 
 src/hooks         |   86.93 |    73.73 |   76.92 |   94.07 |                   
  ...boardStats.js |   88.23 |       70 |   88.88 |   92.59 | 46-47             
  useDebounce.js   |     100 |      100 |     100 |     100 |                   
  ...umentTitle.js |     100 |       50 |     100 |     100 | 11                
  useFetch.js      |      75 |    28.57 |    62.5 |   85.71 | 32-33             
  ...lineStatus.js |   84.61 |       50 |   66.66 |     100 | 8                 
  useRealtime.js   |   88.63 |    85.71 |      75 |   94.11 | 48-49             
  ...ansactions.js |   86.79 |    78.26 |      70 |      95 | 87-88             
 src/pages         |   64.26 |    58.07 |   48.51 |   66.35 |                   
  AuthPage.jsx     |   89.23 |    63.88 |   76.92 |   96.29 | 50,219            
  ...erterPage.jsx |   75.75 |       75 |   56.25 |      75 | ...87-116,131,219 
  ...boardPage.jsx |      44 |    42.85 |   18.51 |   47.77 | ...16,360-404,444 
  LandingPage.jsx  |     100 |      100 |     100 |     100 |                   
  NotFoundPage.jsx |     100 |      100 |     100 |     100 |                   
  SettingsPage.jsx |   62.35 |    82.22 |   47.61 |   62.96 | ...44-287,324-339 
  ...etailPage.jsx |   59.61 |    46.87 |      50 |   59.18 | ...79-186,245-261 
 src/services      |    79.4 |    74.37 |   77.77 |   84.68 |                   
  api.js           |   87.15 |    88.46 |   80.76 |   92.94 | 35,60-73,83       
  eventsApi.js     |   74.35 |    53.84 |      60 |   76.47 | ...58-60,68,78-80 
  ...ngeRateApi.js |   60.86 |       30 |   66.66 |   70.58 | 33-34,54-56       
  statsApi.js      |   76.47 |    64.28 |   83.33 |   86.66 | 31-32             
  storage.js       |      75 |    55.55 |    90.9 |      80 | ...04-105,116,136 
  ...actionsApi.js |   79.41 |    79.16 |      75 |   81.25 | 65-66,91-97       
  userApi.js       |      80 |    66.66 |     100 |     100 | 17                
 src/utils         |   88.34 |    71.76 |   88.88 |   89.74 |                   
  categories.js    |     100 |    33.33 |     100 |     100 | 42-46             
  format.js        |   76.19 |     62.5 |    87.5 |   80.64 | 32,77-80,94       
  stats.js         |   95.83 |    87.17 |   84.61 |   94.73 | 62-63             
-------------------|---------|----------|---------|---------|-------------------
