
> spendwise-fullstack@1.0.0 setup
> node scripts/setup.mjs


SpendWise full-stack setup – installing: server, client, e2e


▶ server

added 244 packages, and audited 245 packages in 10s

68 packages are looking for funding
  run `npm fund` for details

found 0 vulnerabilities

▶ client

added 177 packages, and audited 178 packages in 5s

34 packages are looking for funding
  run `npm fund` for details

found 0 vulnerabilities

▶ e2e

added 3 packages, and audited 4 packages in 707ms

found 0 vulnerabilities

✓ Dependencies installed.

Next steps
  1. npm run dev      → API on http://localhost:4000 and UI on http://localhost:5173
  2. Open http://localhost:5173/login and press "Try the demo account"
     (demo@spendwise.app / Demo1234 – seeded automatically)

Optional
  npm test            → API + client test suites
  npm run test:e2e    → browser end-to-end tests (needs "npx playwright install chromium" once)
  npm run build && npm start → production mode: the API serves the built UI on one port

npm notice
npm notice New major version of npm available! 10.8.2 -> 12.1.0
npm notice Changelog: https://github.com/npm/cli/releases/tag/v12.1.0
npm notice To update run: npm install -g npm@12.1.0
npm notice
