
> spendwise-week6@1.0.0 test:e2e
> npm --prefix e2e test


> spendwise-e2e@1.0.0 test
> playwright test

[WebServer] 
[WebServer] > spendwise-api@1.0.0 start
[WebServer] > node src/server.js
[WebServer] 
[WebServer] [2026-09-30T17:34:26.762Z] WARN  MONGODB_URI not set – using in-memory MongoDB (data will be lost on restart)
[WebServer] [2026-09-30T17:34:26.784Z] INFO  MongoDB connected: 127.0.0.1/spendwise
[WebServer] [2026-09-30T17:34:27.123Z] INFO  Seeded 32 demo transactions – login with demo@spendwise.app / Demo1234
[WebServer] [2026-09-30T17:34:27.190Z] INFO  SpendWise API listening on http://localhost:4000  (env: development)
[WebServer] [2026-09-30T17:34:27.190Z] INFO  Swagger docs:  http://localhost:4000/api/docs
[WebServer] GET /api/v1/health 200 2.204 ms requestId=9f91424a-20f4-41a2-8eea-a61bf7cc7878

Running 30 tests using 1 worker

[WebServer] POST /api/v1/auth/register 201 478.187 ms requestId=09e8d63a-497a-4f86-ad9b-c5a4b3d8d076
[WebServer] GET /api/v1/transactions 200 34.610 ms requestId=d318c013-7798-42d6-b9b6-8c51e213b12d
[WebServer] GET /api/v1/health 200 19.301 ms requestId=e068d440-9f07-429a-b569-d024d6a17ea1
[WebServer] GET /api/v1/stats/summary  undefined ms requestId=14a83232-14ac-4b50-9983-0807fbbbfe38
[WebServer] GET /api/v1/stats/by-category  undefined ms requestId=8f7dcf61-a6e3-40aa-9b13-6329c7871daf
[WebServer] GET /api/v1/stats/monthly  undefined ms requestId=07844d56-bd81-44b2-bdbb-f18945fc3aae
[WebServer] GET /api/v1/transactions  undefined ms requestId=e405c34a-2c53-4447-9192-54139605ff2d
[WebServer] GET /api/v1/health 200 0.302 ms requestId=49af3b22-0622-499f-be1a-8b75320dbe99
[WebServer] GET /api/v1/stats/summary 200 104.357 ms requestId=72703599-ca3a-4b6f-a451-2fdd5699b0a5
[WebServer] GET /api/v1/stats/by-category 200 103.982 ms requestId=ea04acaa-e2e6-4b0f-a632-846f6dbc7235
[WebServer] GET /api/v1/stats/monthly 200 102.855 ms requestId=0ceb185e-85f4-445e-9f21-396cd3f58b4c
[WebServer] GET /api/v1/transactions 200 106.556 ms requestId=a4329d6a-be8d-46ad-9c2c-a4b3816e4ebc
[WebServer] GET /api/v1/transactions 200 11.161 ms requestId=a4dbac5a-fe75-4333-ba87-83b7b86bd24f
[WebServer] GET /api/v1/events/stream 200 3.296 ms requestId=f7e0964e-253e-48e8-842b-0f422cc408fb
  ✓   1 [chromium] › tests/auth.spec.js:10:3 › authentication › registers a new account and shows the API-synced dashboard (3.3s)
[WebServer] POST /api/v1/auth/login 200 377.073 ms requestId=e4c8aaf0-5485-4a88-9193-fbf52390f3ea
[WebServer] GET /api/v1/transactions 200 32.334 ms requestId=06469254-fee4-4384-90af-4825b0661bd0
[WebServer] GET /api/v1/health 200 0.359 ms requestId=ab5496e0-2f54-474b-b4d1-e6caeed77ead
[WebServer] GET /api/v1/health 200 0.241 ms requestId=0575a06e-af84-46d3-953a-bbc361535625
[WebServer] GET /api/v1/stats/summary  undefined ms requestId=8f0b91e9-fa2b-41d1-8c1a-aa0eb5f0f70f
[WebServer] GET /api/v1/stats/by-category  undefined ms requestId=ec1f98f6-abb1-4094-ab25-c9264e0578f1
[WebServer] GET /api/v1/stats/monthly  undefined ms requestId=d32a0e0e-00c7-4b3f-94d9-a1fe2b72dac5
[WebServer] GET /api/v1/transactions  undefined ms requestId=37e39436-5cb4-468f-9fd4-e53b069ebd0e
[WebServer] GET /api/v1/stats/monthly 200 68.028 ms requestId=6fc190ab-3797-4b09-9d67-d17b7111a9ed
[WebServer] GET /api/v1/stats/summary 200 98.933 ms requestId=12976c7b-fd96-41fd-93f6-1d2021e288d2
[WebServer] GET /api/v1/stats/by-category 200 102.692 ms requestId=7bf04b01-149c-4500-94e3-a154e6e406a9
[WebServer] GET /api/v1/transactions 200 70.267 ms requestId=a87c47aa-a925-4e91-9d46-e02d1c637397
[WebServer] GET /api/v1/events/stream 200 15.832 ms requestId=d2ac340a-1a5f-48a8-93db-9dd10815e9cc
  ✓   2 [chromium] › tests/auth.spec.js:32:3 › authentication › signs in with the seeded demo account (2.7s)
[WebServer] POST /api/v1/auth/login 401 3.053 ms requestId=db5d9191-b12e-47d7-a16e-8897632fe6f3
  ✓   3 [chromium] › tests/auth.spec.js:41:3 › authentication › shows the API error message for wrong credentials (1.0s)
  ✓   4 [chromium] › tests/auth.spec.js:50:3 › authentication › validates the password policy before calling the API (1.0s)
[WebServer] GET /api/v1/auth/me 401 0.655 ms requestId=1e3e7e00-6908-4833-aa45-65b3abd11463
[WebServer] GET /api/v1/auth/me 401 0.351 ms requestId=435c1122-c40e-4db7-a276-aca4f3ee731a
  ✓   5 [chromium] › tests/auth.spec.js:61:3 › authentication › drops an invalid stored token and falls back to guest mode (1.7s)
[WebServer] POST /api/v1/auth/login 200 321.253 ms requestId=739aa613-95d0-474a-b73d-4f463ea9f1fc
[WebServer] GET /api/v1/transactions 200 18.764 ms requestId=4fbcb6f7-e1f5-475b-b944-928710cf2b01
[WebServer] GET /api/v1/health 200 0.444 ms requestId=52b3317b-35e7-4b99-b0b7-3de6d9ee6387
[WebServer] GET /api/v1/stats/summary 200 33.771 ms requestId=c5629afd-8fd5-4289-9878-a8b9c7a031a5
[WebServer] GET /api/v1/stats/monthly  undefined ms requestId=a7e884b0-786d-4cb2-8c0b-8e6260dab912
[WebServer] GET /api/v1/stats/by-category  undefined ms requestId=2a081cc3-1e74-48e5-95f7-fcaf52ca6e77
[WebServer] GET /api/v1/health 200 0.245 ms requestId=1819f64a-f98e-4f99-8392-a16a0262b852
[WebServer] GET /api/v1/transactions  undefined ms requestId=9dd1642c-93ae-49f7-a3a6-d899d62d7ca1
[WebServer] GET /api/v1/stats/summary 200 16.840 ms requestId=966821dd-323c-451f-a1a3-c60ec0c169cd
[WebServer] GET /api/v1/stats/by-category 200 12.108 ms requestId=73c59404-cd04-4163-8146-2377014f5d05
[WebServer] GET /api/v1/stats/monthly 200 9.036 ms requestId=56953c71-cf32-4064-9cca-0bc9c3316f05
[WebServer] GET /api/v1/transactions 200 8.958 ms requestId=fb727258-1048-47d0-ad6b-a32cf69a9fa9
[WebServer] GET /api/v1/events/stream 200 8.311 ms requestId=358783ec-5d94-4da9-991e-6fd6737b72af
  ✓   6 [chromium] › tests/auth.spec.js:70:3 › authentication › signs out back to guest mode (2.7s)
[WebServer] POST /api/v1/auth/login 200 244.927 ms requestId=5873cb72-aabb-4a17-b73b-4d2aae159278
  ✓   7 [chromium] › tests/auth.spec.js:80:3 › authentication › the demo credentials are exactly what the README documents (325ms)
[WebServer] POST /api/v1/auth/register 201 401.788 ms requestId=852a5792-d2cc-4dbe-b1ca-3cb7e71deef8
[WebServer] GET /api/v1/transactions 200 6.331 ms requestId=17a30a01-945e-4dd9-8ea5-7da8618ab718
[WebServer] GET /api/v1/health 200 0.258 ms requestId=e9ad7242-c271-48f2-b084-d11fd42c472b
[WebServer] GET /api/v1/stats/summary 200 13.955 ms requestId=65fbb5cb-8182-4e9f-ad21-7238646f73f3
[WebServer] GET /api/v1/stats/by-category 200 18.928 ms requestId=343e7b73-e9c1-4c46-b974-be16aac32f66
[WebServer] GET /api/v1/stats/monthly 200 16.097 ms requestId=a9d33df3-7da2-45c9-ad7d-de9a01e9f80d
[WebServer] GET /api/v1/transactions 200 19.879 ms requestId=542aefd6-46dd-4dd7-9504-c1fb11463de8
[WebServer] GET /api/v1/health 200 0.169 ms requestId=98a8f794-3922-4619-88cc-c0b34678f058
[WebServer] GET /api/v1/stats/summary 304 10.309 ms requestId=6ae3dad2-0d84-40c5-ab2e-549221a3a108
[WebServer] GET /api/v1/stats/by-category 304 9.400 ms requestId=ea9b687a-22d0-45f4-a9e1-e011eef01767
[WebServer] GET /api/v1/transactions 200 4.007 ms requestId=ca8d9c19-556d-4578-8c87-1a47c46627d7
[WebServer] GET /api/v1/stats/monthly 304 14.514 ms requestId=4d489aa2-25a7-4ddf-aa6f-59b15fdab637
[WebServer] POST /api/v1/transactions 201 9.231 ms requestId=bbc9edc5-4844-479b-8ca9-0b502a7c2e68
[WebServer] GET /api/v1/stats/summary 200 9.586 ms requestId=7bd44327-84ab-4d9f-ac43-bbb0554b52a9
[WebServer] GET /api/v1/stats/by-category 200 20.790 ms requestId=c94edaee-ca4b-4223-95f9-5f7d1e567dc4
[WebServer] GET /api/v1/stats/monthly 200 23.048 ms requestId=31e88070-aee8-4827-be2e-37b34b883152
[WebServer] GET /api/v1/transactions 200 11.715 ms requestId=c6af1ddc-0163-42b9-a703-4cb637a44570
[WebServer] GET /api/v1/transactions 200 5.129 ms requestId=67aea445-5d48-4fad-8aaf-426c21b2bb50
[WebServer] GET /api/v1/events/stream 200 2.374 ms requestId=353e192d-25dc-45aa-bb3f-9dc83e7e6fe3
[WebServer] GET /api/v1/auth/me 200 6.059 ms requestId=366dbdd4-137d-4b01-8dd6-40d0cd08184f
[WebServer] GET /api/v1/auth/me 200 28.321 ms requestId=d8ed4768-8ea1-4c59-bb6c-dfa80c766f60
[WebServer] GET /api/v1/transactions 200 10.262 ms requestId=826e9c5c-b93c-4a23-8f52-78d734c7bce8
[WebServer] GET /api/v1/health 200 0.277 ms requestId=4fdadaf4-4f32-42c8-ba57-5207d84faf51
[WebServer] GET /api/v1/stats/monthly  undefined ms requestId=b5be32a1-b210-4961-b1c8-413f9f44e5b3
[WebServer] GET /api/v1/stats/by-category  undefined ms requestId=1f25c434-3f3e-40fb-8b40-234d13ce5cdf
[WebServer] GET /api/v1/stats/summary  undefined ms requestId=44228396-e9df-4ac2-a4ca-cc7d2e60fe35
[WebServer] GET /api/v1/transactions  undefined ms requestId=87ce94c2-0a44-4ded-bfb3-d7dfc4bd5083
[WebServer] GET /api/v1/health 200 0.169 ms requestId=8b154bc0-f01e-481e-8b73-22674749b494
[WebServer] GET /api/v1/stats/summary 200 12.907 ms requestId=6bcdf5f3-2e42-4535-b530-f514d50e63f6
[WebServer] GET /api/v1/stats/by-category 200 27.137 ms requestId=2c7b5a20-aaa6-47d8-b49a-8be8786bf8a2
[WebServer] GET /api/v1/stats/monthly 200 20.916 ms requestId=5b84b8b9-2c98-4f6d-93b0-8c77e4d2d15e
[WebServer] GET /api/v1/transactions 200 24.423 ms requestId=39a41dfa-7249-4b00-85be-6b972c37c901
[WebServer] GET /api/v1/events/stream 200 3.107 ms requestId=c08493a2-cb0b-4bb7-8e99-67b77830bb76
  ✓   8 [chromium] › tests/crud.spec.js:19:3 › transaction CRUD (client ⇄ API ⇄ MongoDB) › creates a transaction and it survives a reload (4.3s)
[WebServer] POST /api/v1/auth/register 201 332.721 ms requestId=115032a7-72ec-4d32-846f-519a7623aff0
[WebServer] GET /api/v1/transactions 200 7.050 ms requestId=a944306c-bca6-4ec2-a446-944737adf951
[WebServer] GET /api/v1/health 200 0.331 ms requestId=f601d58a-5453-4914-9d47-3b4aa2c8fc90
[WebServer] GET /api/v1/stats/summary 200 15.586 ms requestId=b2861cd9-987e-436b-8ac9-d9878dd6ce1b
[WebServer] GET /api/v1/stats/by-category 200 15.653 ms requestId=25175fec-5bd1-4292-812f-2015e19cab6f
[WebServer] GET /api/v1/stats/monthly 200 18.068 ms requestId=a039632a-45db-4a43-9299-c39f40600ded
[WebServer] GET /api/v1/transactions 200 35.529 ms requestId=e155eeee-2878-4ba3-ae6e-baad8cad4944
[WebServer] GET /api/v1/health 200 0.168 ms requestId=c56bd2b5-7eea-4dd9-9679-f7d33e75cca3
[WebServer] GET /api/v1/stats/summary 304 11.673 ms requestId=1e27f470-a7df-47fa-84c7-78e2275a152a
[WebServer] GET /api/v1/stats/monthly 304 12.565 ms requestId=4693484a-905e-4de0-9c2a-41b550d09732
[WebServer] GET /api/v1/stats/by-category 304 21.230 ms requestId=f0b18fb1-c884-4200-af15-acd29bb71444
[WebServer] GET /api/v1/transactions 200 12.427 ms requestId=bd062b74-25bc-44f7-9487-994b17c624b3
[WebServer] POST /api/v1/transactions 201 4.641 ms requestId=ca9c81eb-f69a-462b-ac69-1be77a2fce73
[WebServer] GET /api/v1/stats/summary 200 4.383 ms requestId=8994d12a-cf15-4917-8592-80f1d4615baa
[WebServer] GET /api/v1/stats/by-category 200 7.665 ms requestId=2fb23b46-6044-4091-b563-38534b9aea2f
[WebServer] GET /api/v1/stats/monthly 200 15.791 ms requestId=6f42268c-f3f1-48d9-a5e5-ec7ba42489bb
[WebServer] GET /api/v1/transactions 200 10.858 ms requestId=1eff1f01-52b7-4c08-9561-3f1db0292ec0
[WebServer] PATCH /api/v1/transactions/6abd483a683e85db28279dd3 200 31.204 ms requestId=b52a52f8-733b-4bda-8298-09a18169d9a1
[WebServer] GET /api/v1/stats/summary 200 5.341 ms requestId=a95e8b05-b662-443e-9dd2-87ecbb67fb28
[WebServer] GET /api/v1/stats/by-category 200 3.225 ms requestId=6394a7a6-1ed9-4292-85e5-4798b1144f30
[WebServer] GET /api/v1/stats/monthly 200 14.856 ms requestId=6d5ed0ab-bfea-438e-9c27-e9aef56f53f1
[WebServer] GET /api/v1/transactions 200 15.521 ms requestId=c05c036c-c08c-4a78-9b46-6dc78c369455
[WebServer] GET /api/v1/events/stream 200 2.186 ms requestId=2637cefc-9646-4f12-9cab-eaca7d17e9ac
[WebServer] GET /api/v1/auth/me 200 2.808 ms requestId=a7846047-09a7-421a-a2dc-a3e8b9314481
[WebServer] GET /api/v1/auth/me 304 4.095 ms requestId=205a953b-bd03-4370-bc13-b40737ce5af4
[WebServer] GET /api/v1/transactions 200 10.320 ms requestId=040941cd-2703-4e87-b901-90467ae44665
[WebServer] GET /api/v1/transactions 200 12.676 ms requestId=f01a42cf-5b08-476e-8a28-5060a69353a6
[WebServer] GET /api/v1/health 200 0.314 ms requestId=7431ee39-15b3-44f0-a77e-ad446f0fe244
[WebServer] GET /api/v1/stats/summary 304 8.611 ms requestId=70466dba-d2e0-4ab7-bed4-4460a2dde2eb
[WebServer] GET /api/v1/stats/by-category 304 7.216 ms requestId=61456ba3-ac03-4e7e-a16b-f3d6ce5eddde
[WebServer] GET /api/v1/stats/monthly 304 19.815 ms requestId=6aa44050-9cfb-43f1-a42f-ae85200aa0b0
[WebServer] GET /api/v1/transactions 200 35.778 ms requestId=d6ddf1c8-73fa-48aa-8164-65e7bb20c4f6
[WebServer] GET /api/v1/health 200 0.257 ms requestId=67f6b73d-974b-4bf8-bf76-9c4ca4160a48
[WebServer] GET /api/v1/stats/by-category 304 19.617 ms requestId=827ec906-f9b9-4c55-b02c-5eb1d2f2a4d7
[WebServer] GET /api/v1/stats/summary 304 29.462 ms requestId=813e0d9f-6132-4950-8bee-1579b0d792f8
[WebServer] GET /api/v1/stats/monthly 304 18.298 ms requestId=4bcafa16-3373-423d-98a1-c35b925a4182
[WebServer] GET /api/v1/transactions 200 6.348 ms requestId=e8d57d24-50e8-4fd5-8f05-709996476e3b
[WebServer] GET /api/v1/events/stream 200 3.749 ms requestId=c96759f9-f66c-4ba5-bb42-9e3298026b93
  ✓   9 [chromium] › tests/crud.spec.js:34:3 › transaction CRUD (client ⇄ API ⇄ MongoDB) › edits a transaction and the new amount is stored (4.5s)
[WebServer] POST /api/v1/auth/register 201 359.621 ms requestId=3fc88ae3-3f56-4961-9b31-ba925889dac1
[WebServer] GET /api/v1/transactions 200 8.934 ms requestId=2145f9d9-afec-4904-a346-c14dd85461e4
[WebServer] GET /api/v1/health 200 0.220 ms requestId=fac4e42f-d584-4886-be52-5f25c84ed27e
[WebServer] GET /api/v1/stats/summary 200 5.355 ms requestId=721d9c95-af40-4d9d-8eb8-70674767555c
[WebServer] GET /api/v1/stats/by-category 200 13.202 ms requestId=09703ce5-9486-43e3-a29e-3bd784e65fa5
[WebServer] GET /api/v1/stats/monthly 200 18.902 ms requestId=8c2b381f-6742-496f-ab94-332289ed536c
[WebServer] GET /api/v1/health 200 0.351 ms requestId=dbd920e8-81f5-4348-bc6a-e65d4e9a5f4b
[WebServer] GET /api/v1/transactions  undefined ms requestId=21e83eb6-b5ce-4407-bf90-354ec4cda666
[WebServer] GET /api/v1/stats/summary 304 6.587 ms requestId=162e5793-9909-495d-925d-f4a51761ecdb
[WebServer] GET /api/v1/stats/by-category 304 15.576 ms requestId=96382332-172e-4455-8b84-29f305279315
[WebServer] GET /api/v1/stats/monthly 200 22.617 ms requestId=f0eaa3d6-c469-4750-a16e-31460fdb0416
[WebServer] GET /api/v1/transactions 200 23.419 ms requestId=14c2c148-5b98-4e55-803b-93770618c5b5
[WebServer] POST /api/v1/transactions 201 5.563 ms requestId=5a57fd88-015e-4b6e-9e40-6a4b310da4c2
[WebServer] GET /api/v1/stats/summary 200 29.463 ms requestId=325f3453-8445-465c-bb02-05b5a9b0c134
[WebServer] GET /api/v1/stats/by-category 200 23.176 ms requestId=f2a5a07b-382f-4e5f-bcb9-067fda287060
[WebServer] GET /api/v1/stats/monthly 200 17.933 ms requestId=1971aca8-1ed0-49c6-8978-4f81afdcdd94
[WebServer] GET /api/v1/transactions 200 14.113 ms requestId=968d5778-21eb-4191-98c1-66c44bfeb356
[WebServer] DELETE /api/v1/transactions/6abd483e683e85db28279dd5 204 7.596 ms requestId=7699b4e8-d0dc-4d03-a0ab-efd4e2fceb00
[WebServer] GET /api/v1/stats/summary 200 7.576 ms requestId=0c6504c0-0632-4e7e-b7fa-f1c1d22abfbd
[WebServer] GET /api/v1/stats/by-category 200 12.346 ms requestId=c2bbb1e0-4b8b-4e3d-8815-092e39d4a01a
[WebServer] GET /api/v1/stats/monthly 200 18.017 ms requestId=054de482-2bd6-4019-9f63-9f9189657f0e
[WebServer] GET /api/v1/transactions 200 15.774 ms requestId=52e4526e-9c4a-42d8-be66-5b0224d23637
[WebServer] GET /api/v1/events/stream 200 7.430 ms requestId=29a030a2-0cb9-4d63-a17d-06920455d1e5
[WebServer] GET /api/v1/auth/me 200 2.916 ms requestId=49053806-868e-49d0-a6e4-5664e30f2d6f
[WebServer] GET /api/v1/auth/me 304 5.717 ms requestId=ea5d00cb-620c-402a-8509-aa1972c08f24
[WebServer] GET /api/v1/transactions 200 11.308 ms requestId=95ad891a-22a9-4f90-b23d-1b7b85853e93
[WebServer] GET /api/v1/transactions 200 5.298 ms requestId=28dec359-d0fa-4089-9ae7-a2b2331f4c59
[WebServer] GET /api/v1/events/stream 200 2.126 ms requestId=b989c725-7fa0-4b65-9464-e75a630a1be3
  ✓  10 [chromium] › tests/crud.spec.js:52:3 › transaction CRUD (client ⇄ API ⇄ MongoDB) › deletes a transaction and it stays deleted (4.1s)
[WebServer] POST /api/v1/auth/register 201 358.606 ms requestId=ee92a140-d3e2-4796-a1ea-bbe1219a5178
[WebServer] GET /api/v1/transactions 200 6.184 ms requestId=bc27037a-d2ec-44ca-85c5-d986f45ec14d
[WebServer] GET /api/v1/health 200 0.253 ms requestId=b355322f-8b88-4fe7-983a-0012cb30a702
[WebServer] GET /api/v1/stats/summary 200 30.588 ms requestId=bc3b7750-65a1-457a-ad79-27c7eed13156
[WebServer] GET /api/v1/stats/by-category 200 21.408 ms requestId=c07a8b67-6039-40be-8ddf-00a180c86cbd
[WebServer] GET /api/v1/stats/monthly 200 20.328 ms requestId=8c53322f-3178-46e3-97f4-c17432af4caa
[WebServer] GET /api/v1/health 200 0.193 ms requestId=aa3a2d84-eaa3-4b53-b7c7-c1f050babb8a
[WebServer] GET /api/v1/transactions  undefined ms requestId=f461ebba-910d-46eb-99ca-53a6abf6e8f9
[WebServer] GET /api/v1/stats/summary 200 18.948 ms requestId=49d930bb-496a-4077-a7a1-3220a3ebfc3b
[WebServer] GET /api/v1/stats/by-category 200 14.158 ms requestId=93084bce-55cd-4b8b-9222-79f6ca6091d9
[WebServer] GET /api/v1/stats/monthly 200 20.573 ms requestId=92264b98-21e5-48b2-ba58-f9a0025d996b
[WebServer] GET /api/v1/transactions 200 14.534 ms requestId=d457c3f4-490c-458b-971c-a3d3d5287be5
[WebServer] GET /api/v1/transactions 200 12.476 ms requestId=5450e922-82f9-4790-8c43-2e103fe8de11
[WebServer] GET /api/v1/events/stream 200 2.936 ms requestId=8d23e108-207a-4760-9776-a5512779b8cb
  ✓  11 [chromium] › tests/crud.spec.js:69:3 › transaction CRUD (client ⇄ API ⇄ MongoDB) › rejects an invalid amount with the API’s validation message (2.6s)
[WebServer] POST /api/v1/auth/register 201 298.830 ms requestId=465c1e3e-6be5-43a3-a2b4-789274af07c7
[WebServer] GET /api/v1/transactions 200 4.037 ms requestId=7c186cc0-f3c7-48d4-aa10-209d741d68ce
[WebServer] GET /api/v1/health 200 0.226 ms requestId=2d37729c-58e5-4f75-addd-33b5879c646b
[WebServer] GET /api/v1/stats/summary 200 5.120 ms requestId=e61b9777-a72e-4ba8-96aa-60292186fb33
[WebServer] GET /api/v1/stats/by-category 200 4.099 ms requestId=a3176956-4bb9-48cc-bb49-1f5db99b14ae
[WebServer] GET /api/v1/stats/monthly 200 8.238 ms requestId=b851f405-2eae-4bb3-9842-39c2929b8455
[WebServer] GET /api/v1/transactions 200 13.032 ms requestId=667be358-af3c-427d-9719-4c6911b20d7d
[WebServer] GET /api/v1/health 200 0.232 ms requestId=ff9a4ee8-75f9-4eff-a8ea-b6d64b8c996b
[WebServer] GET /api/v1/stats/summary 304 12.193 ms requestId=c5f5b312-7b7d-4722-949c-57382ce2fad5
[WebServer] GET /api/v1/stats/by-category 304 14.232 ms requestId=e1f6da84-ab2e-4b29-a6ff-b2854c7b3fc2
[WebServer] GET /api/v1/stats/monthly 304 8.921 ms requestId=97da90a2-a45e-4f8b-bead-77f8d53e751d
[WebServer] GET /api/v1/transactions 200 6.207 ms requestId=a358f928-b02b-4d85-acdc-25b91223cf6d
[WebServer] POST /api/v1/transactions 201 4.642 ms requestId=2106dd09-71db-4c0d-b39f-f647b82ed60a
[WebServer] GET /api/v1/stats/summary 200 12.745 ms requestId=26db2c77-2896-46e1-8c2c-2d9d5a090f9c
[WebServer] GET /api/v1/stats/by-category 200 21.337 ms requestId=589f8857-d1f7-4b9c-814f-65a9fb67ce9f
[WebServer] GET /api/v1/stats/monthly 200 19.876 ms requestId=28416880-0a6c-41d3-a8c0-8197b52f6438
[WebServer] GET /api/v1/transactions 200 22.870 ms requestId=4c0353f1-18e5-4375-9dcf-1af4fa2c4cdd
[WebServer] GET /api/v1/transactions/6abd4845683e85db28279dd8 200 7.924 ms requestId=1557782d-7fdf-4326-a3de-aa140fa344b1
[WebServer] GET /api/v1/events/stream 200 2.044 ms requestId=706f1877-e43d-4317-8353-82974f7e6610
  ✓  12 [chromium] › tests/crud.spec.js:83:3 › transaction CRUD (client ⇄ API ⇄ MongoDB) › shows the detail page of a transaction and opens it read-only (3.0s)
[WebServer] POST /api/v1/auth/register 201 314.703 ms requestId=9fa5dbdb-18ad-4906-b5e5-d6b9d5719eff
[WebServer] POST /api/v1/transactions/bulk 201 9.983 ms requestId=b64b16be-8820-49c7-a5d5-8600d6f326d6
[WebServer] GET /api/v1/auth/me 200 13.306 ms requestId=e15d3d43-46fd-4bcf-8f95-dfb526df5898
[WebServer] GET /api/v1/auth/me 200 5.314 ms requestId=cee5eb0f-b455-4a8a-849c-316461d53cd8
[WebServer] GET /api/v1/transactions 200 10.452 ms requestId=ea44cd39-1b48-42db-90cd-1ea3b2eb7f75
[WebServer] GET /api/v1/health 200 0.282 ms requestId=25eb886d-6b0e-4719-843e-7427f35021dc
[WebServer] GET /api/v1/stats/by-category 200 93.350 ms requestId=be818855-7d34-4a08-9eaf-0958f9c7283f
[WebServer] GET /api/v1/stats/monthly 200 92.814 ms requestId=6806a54c-b663-4088-bd53-f20ee5e02a67
[WebServer] GET /api/v1/transactions  undefined ms requestId=77394408-1bf1-48fe-8a66-6a7fa459adaf
[WebServer] GET /api/v1/stats/summary 200 116.959 ms requestId=389100ab-c827-4c73-821b-190485ce3c4d
[WebServer] GET /api/v1/health 200 6.556 ms requestId=327e6782-001c-47a8-b685-52d2475cb20e
[WebServer] GET /api/v1/stats/summary 200 8.650 ms requestId=03a46a06-9168-492b-9846-4a73c8239f47
[WebServer] GET /api/v1/stats/by-category 200 17.647 ms requestId=70ace821-3cb4-4bda-aab9-e913d6eb031c
[WebServer] GET /api/v1/stats/monthly 200 13.435 ms requestId=1d3bf23f-2202-43ae-9ca5-9eb301c19a8b
[WebServer] GET /api/v1/transactions 200 10.878 ms requestId=ae049411-c5d8-44ad-b97a-c8a8a82fc5f3
[WebServer] GET /api/v1/transactions 200 9.781 ms requestId=f251dc62-169f-4b76-bbba-8d702ae07d9a
[WebServer] GET /api/v1/transactions 200 6.786 ms requestId=56e999c4-8db7-4033-bc8a-58a1c7325fad
[WebServer] GET /api/v1/events/stream 200 9.742 ms requestId=1209d2b7-6787-4b01-854d-8ab7352328b3
  ✓  13 [chromium] › tests/data-flow.spec.js:37:3 › server-side list + statistics › renders one server page at a time and paginates through the data (2.7s)
[WebServer] POST /api/v1/auth/register 201 303.617 ms requestId=595ce5bb-af01-4fd3-ae44-74ef49566afd
[WebServer] POST /api/v1/transactions/bulk 201 7.580 ms requestId=bfde6d22-54d8-47a6-96c8-1a26c2b0c4d5
[WebServer] GET /api/v1/auth/me 200 4.010 ms requestId=56aa54c2-d4e2-437a-91b8-c2034e4cf166
[WebServer] GET /api/v1/auth/me 200 31.041 ms requestId=12edecad-4904-4bba-a104-5962470edca7
[WebServer] GET /api/v1/transactions 200 4.905 ms requestId=3edc1bea-07cb-48fe-8caf-614a50501ad1
[WebServer] GET /api/v1/health 200 0.251 ms requestId=649a9f5f-d345-4d4a-ab83-47e4f210c8d1
[WebServer] GET /api/v1/stats/summary 200 42.380 ms requestId=7129eb7e-e051-48ed-8a7a-e8ace8f235fa
[WebServer] GET /api/v1/stats/by-category  undefined ms requestId=8e073946-eaaf-4b55-b6fe-6265d69c49f7
[WebServer] GET /api/v1/health 200 0.170 ms requestId=27f066b7-76bc-40b9-ab01-d92a3e885eee
[WebServer] GET /api/v1/stats/by-category 200 10.978 ms requestId=9a0f72bf-ca31-4f8f-9dd9-8da209633ab2
[WebServer] GET /api/v1/stats/summary 200 21.890 ms requestId=b43b1f95-2f05-46c9-8436-9fb57014e937
[WebServer] GET /api/v1/stats/monthly 200 12.182 ms requestId=36a8e347-cc4a-4736-b639-7fefa984b7c1
[WebServer] GET /api/v1/transactions 200 22.200 ms requestId=a06ebe2c-5e28-45af-b827-91b8d98653db
[WebServer] GET /api/v1/transactions 200 5.378 ms requestId=a740905d-2d29-4598-b326-f9d93670d283
[WebServer] GET /api/v1/transactions 200 4.363 ms requestId=fefd7852-8b4c-445f-8ab3-c578c882dea6
[WebServer] GET /api/v1/events/stream 200 1.486 ms requestId=718b8d34-eb97-42fb-a440-7c3b229dc7cb
  ✓  14 [chromium] › tests/data-flow.spec.js:51:3 › server-side list + statistics › filters by type on the server and keeps the query in the URL (2.2s)
[WebServer] POST /api/v1/auth/register 201 307.573 ms requestId=f3b6b417-594a-4e9e-a4e7-069e61c2db16
[WebServer] POST /api/v1/transactions/bulk 201 7.023 ms requestId=4e7134bb-2bd7-4f74-b192-413146f0283c
[WebServer] GET /api/v1/auth/me 200 3.109 ms requestId=b5894d36-021f-4dec-a9a3-52314bf29730
[WebServer] GET /api/v1/auth/me 200 2.347 ms requestId=ad21081d-dd15-436d-8bf2-601ad1aa3ba7
[WebServer] GET /api/v1/transactions 200 5.927 ms requestId=862508dd-f970-403b-949a-c98b30d71666
[WebServer] GET /api/v1/health 200 0.306 ms requestId=a8816109-2c1c-4ebc-b3f1-7dae40375524
[WebServer] GET /api/v1/stats/summary 200 17.254 ms requestId=0475be00-d832-427c-9e3b-3a0f6561fc70
[WebServer] GET /api/v1/stats/by-category  undefined ms requestId=d07caa84-c905-4b52-aacc-bd81fe581c26
[WebServer] GET /api/v1/stats/monthly  undefined ms requestId=52468612-764e-401f-9944-47a1bcdec76d
[WebServer] GET /api/v1/health 200 0.140 ms requestId=f0bb4c81-e9ac-4fcc-8bfe-8b9d8b5cf1b0
[WebServer] GET /api/v1/stats/summary 200 34.375 ms requestId=ba33482b-3f28-4761-aa7a-cc3a8d1e82df
[WebServer] GET /api/v1/stats/monthly 200 11.712 ms requestId=139ee8c3-700a-4e10-874a-724ae6b9023b
[WebServer] GET /api/v1/transactions 200 6.760 ms requestId=d6865c19-f935-4bf4-ae57-f261a33c0047
[WebServer] GET /api/v1/stats/by-category 200 20.013 ms requestId=03a9dd92-9abd-48ec-a754-1fbdda5874b2
[WebServer] GET /api/v1/transactions 200 35.847 ms requestId=3c399a11-0e21-44f6-bf89-48f9f862ee47
[WebServer] GET /api/v1/events/stream 200 12.077 ms requestId=af4ac977-bd95-4e94-b2c3-49e75d8f758c
  ✓  15 [chromium] › tests/data-flow.spec.js:65:3 › server-side list + statistics › searches across title and notes through the API (2.2s)
[WebServer] POST /api/v1/auth/register 201 290.274 ms requestId=a2db366a-c023-408b-bce2-61b7025a024f
[WebServer] POST /api/v1/transactions/bulk 201 7.097 ms requestId=2ad1d719-fe37-49a2-a354-adc918460545
[WebServer] GET /api/v1/auth/me 200 18.700 ms requestId=8ef1a563-f455-4e72-bb5a-0c63b4580b6d
[WebServer] GET /api/v1/auth/me 200 7.234 ms requestId=3be92790-378a-4e33-bb0b-d8df45a0345c
[WebServer] GET /api/v1/transactions 200 17.755 ms requestId=7a01f789-d2b6-4136-8651-e9c0311d20d5
[WebServer] GET /api/v1/health 200 0.316 ms requestId=b4a65680-b581-4249-9484-18889a2be9ec
[WebServer] GET /api/v1/stats/summary 200 8.835 ms requestId=54964582-4385-4f9c-b732-7d484d618592
[WebServer] GET /api/v1/stats/by-category 200 19.090 ms requestId=037b26b1-492c-49aa-aca7-19d0ac9ce312
[WebServer] GET /api/v1/stats/monthly 200 37.873 ms requestId=f44ab80d-07c1-4dcd-aa1d-b6f33657218f
[WebServer] GET /api/v1/health 200 0.187 ms requestId=dadfeecf-4a86-480f-91ae-8ed140b05512
[WebServer] GET /api/v1/transactions  undefined ms requestId=01a6f499-e56c-427c-86fb-9de8bc9efd8d
[WebServer] GET /api/v1/stats/summary 304 18.791 ms requestId=f0a478cc-1439-4eb8-ad78-f545297882c1
[WebServer] GET /api/v1/stats/by-category 304 14.022 ms requestId=9b7e6220-500d-47b4-9652-484f9fb58a8f
[WebServer] GET /api/v1/stats/monthly 200 10.951 ms requestId=3fbf37d1-cd30-4408-8f1e-0b7feeb0165d
[WebServer] GET /api/v1/transactions 200 19.270 ms requestId=1aaa9565-82eb-48d3-b22e-ea87bc598dbc
[WebServer] GET /api/v1/transactions 200 5.699 ms requestId=06d55827-9511-441f-9e45-259341be1f90
[WebServer] GET /api/v1/events/stream 200 14.550 ms requestId=b5ca8ba6-d274-46b1-91cc-9bc40ab8e8d1
  ✓  16 [chromium] › tests/data-flow.spec.js:77:3 › server-side list + statistics › sorts on the server (highest amount first) (2.3s)
[WebServer] POST /api/v1/auth/register 201 296.724 ms requestId=9081157c-d39f-424d-9dd7-065b58234343
[WebServer] POST /api/v1/transactions/bulk 201 6.572 ms requestId=730dadfc-3d9a-4449-b037-baa888906cb5
[WebServer] GET /api/v1/stats/summary 200 7.763 ms requestId=70cf689f-0849-43f0-bee7-15ae1216207a
[WebServer] GET /api/v1/auth/me 200 6.695 ms requestId=e02861ce-0d38-4a0d-9d87-53f7c6866376
[WebServer] GET /api/v1/auth/me 200 3.581 ms requestId=863f927b-3ff4-447e-99d3-9303bbd38e8a
[WebServer] GET /api/v1/transactions 200 23.809 ms requestId=3712309f-a8cf-4be7-9266-f437add0be13
[WebServer] GET /api/v1/health 200 0.219 ms requestId=c7833678-fd69-407c-ac6e-ed081b0091bf
[WebServer] GET /api/v1/stats/by-category 200 24.954 ms requestId=2d1deadd-4fa9-46e0-956a-3f9bed5f8555
[WebServer] GET /api/v1/stats/summary 200 30.526 ms requestId=fd30936e-d81b-4f5f-88d1-4661fbc59a65
[WebServer] GET /api/v1/stats/monthly  undefined ms requestId=e53105ad-44d6-4c64-8969-9cb75857a875
[WebServer] GET /api/v1/health 200 0.121 ms requestId=db951d46-4c10-4acb-b090-0de403da49a0
[WebServer] GET /api/v1/transactions  undefined ms requestId=a3030267-f8e8-4d42-ac26-f799eea84dac
[WebServer] GET /api/v1/stats/summary 200 8.893 ms requestId=865000af-859f-48ac-9226-5b5266cec3e4
[WebServer] GET /api/v1/stats/monthly 200 8.934 ms requestId=6c29c25c-1847-44d6-b2f4-a8999299e1e2
[WebServer] GET /api/v1/stats/by-category 200 13.651 ms requestId=48c1a997-e303-47e8-88ce-6c4c011988b9
[WebServer] GET /api/v1/transactions 200 19.220 ms requestId=cbe9fbf4-a693-4495-8cf4-44c99dcd1251
[WebServer] GET /api/v1/events/stream 200 9.050 ms requestId=a240fafe-a59d-4f8e-9aaf-a5a112853162
  ✓  17 [chromium] › tests/data-flow.spec.js:85:3 › server-side list + statistics › the stat cards show the numbers the API computed (1.8s)
[WebServer] POST /api/v1/auth/register 201 305.419 ms requestId=e13b403c-6e40-4824-b2a6-8d0311267bdd
[WebServer] POST /api/v1/transactions/bulk 201 7.417 ms requestId=465514b6-e752-4bc9-9802-b6cb38cbefa3
[WebServer] POST /api/v1/auth/register 201 269.216 ms requestId=44e8cdbd-c167-46f0-8a29-dbc3a467f870
[WebServer] GET /api/v1/auth/me 200 27.931 ms requestId=5fffedbc-9db2-4c12-8e95-57f2d241f435
[WebServer] GET /api/v1/auth/me 200 35.508 ms requestId=440716c4-d7e0-45a0-8b9b-df02cdc3dc6a
[WebServer] GET /api/v1/transactions 200 5.448 ms requestId=7f3d368c-f74b-4f79-a576-1f1b7f6b9724
[WebServer] GET /api/v1/health 200 0.215 ms requestId=670ab732-6de6-4057-82b1-f4c424fe3ea6
[WebServer] GET /api/v1/stats/summary 200 34.253 ms requestId=ad636d8a-9f70-4edd-ae31-d7244f00cb3e
[WebServer] GET /api/v1/stats/monthly  undefined ms requestId=00475714-f6f1-49ae-a875-f904d202ab55
[WebServer] GET /api/v1/stats/by-category  undefined ms requestId=e344ee19-f8be-48cc-b802-480e4cd3b490
[WebServer] GET /api/v1/health 200 0.167 ms requestId=674d7869-5ef7-47e6-929d-e4b538cbfc86
[WebServer] GET /api/v1/transactions  undefined ms requestId=61b9f88c-bc32-42ab-a788-55716c968aa1
[WebServer] GET /api/v1/stats/summary 200 19.952 ms requestId=16b70d67-efb4-4c5f-be4f-d9376eccbfdb
[WebServer] GET /api/v1/stats/by-category 200 24.972 ms requestId=5ceb7a91-68c1-4958-ac6b-6509fd2a7299
[WebServer] GET /api/v1/stats/monthly 200 11.680 ms requestId=e4f02763-a0a4-485d-bc9e-8f844a0eea2c
[WebServer] GET /api/v1/transactions 200 54.341 ms requestId=2b4e16d0-1941-46ea-99b9-c1936db93190
[WebServer] GET /api/v1/events/stream 200 3.363 ms requestId=f5ca51c0-735a-4624-95ae-fd65df6f9e58
  ✓  18 [chromium] › tests/data-flow.spec.js:99:3 › server-side list + statistics › an empty account explains what to do next (2.1s)
[WebServer] POST /api/v1/auth/register 201 274.137 ms requestId=eedf9455-0e6c-4f1d-aee6-57d3c213a742
[WebServer] GET /api/v1/auth/me 200 10.428 ms requestId=abe2d8a9-a75c-4bbd-b175-780bea493bb2
[WebServer] GET /api/v1/auth/me 304 10.042 ms requestId=9a938c04-7693-487a-87ec-773da5937680
[WebServer] GET /api/v1/transactions 200 7.413 ms requestId=70cbe2f0-e969-4ef7-b340-b79cc4f4e77b
[WebServer] GET /api/v1/auth/me 200 2.922 ms requestId=4d394f49-b95b-4403-936d-36bc3760a1ba
[WebServer] GET /api/v1/auth/me 304 2.090 ms requestId=9104f5ec-edb9-45fe-8486-5d9521af3656
[WebServer] GET /api/v1/health 200 0.192 ms requestId=9f29b7b1-453b-462e-abf7-9d83c6132a7d
[WebServer] GET /api/v1/stats/summary  undefined ms requestId=9de85a85-af44-4c66-b0a1-f50e59cd3778
[WebServer] GET /api/v1/stats/by-category  undefined ms requestId=51c875f7-3e68-4924-840d-f9400cbc7ad7
[WebServer] GET /api/v1/stats/monthly  undefined ms requestId=88e4e51a-a644-41e4-851f-69885c6c170c
[WebServer] GET /api/v1/health 200 0.146 ms requestId=3d46e6a8-ccfb-4712-8f7c-bc5f1efa0f9f
[WebServer] GET /api/v1/transactions 200 6.540 ms requestId=6d6fdfc0-382b-4820-a75c-697567eee2ed
[WebServer] GET /api/v1/stats/summary 200 13.045 ms requestId=a9b98f9e-7ef4-495d-97a3-97c0e001e97a
[WebServer] GET /api/v1/stats/by-category 200 8.334 ms requestId=9e11fef5-8404-487f-9fc4-d7a2362c8a39
[WebServer] GET /api/v1/stats/monthly 200 4.398 ms requestId=fb282798-5621-47ee-a794-e66f68d01f7a
[WebServer] GET /api/v1/transactions 200 4.509 ms requestId=14351a7f-9945-4f7d-a846-6a16620637f4
[WebServer] GET /api/v1/health 200 0.223 ms requestId=a933f6d1-c2e2-42e5-9892-db599471a8f3
[WebServer] GET /api/v1/stats/by-category 200 17.024 ms requestId=4699f979-7269-4e87-9ea0-9b3cbe2be4de
[WebServer] GET /api/v1/stats/summary 200 27.256 ms requestId=d4babc53-23e0-47a3-908e-ea3646e2a880
[WebServer] GET /api/v1/stats/monthly 200 17.723 ms requestId=09405786-2174-4891-925f-c0372560ea77
[WebServer] GET /api/v1/health 200 0.141 ms requestId=897ec0d1-3da4-4cc5-93ca-e1d4f44a33bf
[WebServer] GET /api/v1/transactions  undefined ms requestId=e732897d-91c1-467e-9e18-4ad8aac899f1
[WebServer] GET /api/v1/stats/by-category 304 5.316 ms requestId=0313391c-51d6-4022-93ae-7e26f0d65574
[WebServer] GET /api/v1/stats/summary 200 7.988 ms requestId=c41d8882-d9ca-46e7-92aa-3747cef9c9dc
[WebServer] GET /api/v1/stats/monthly 200 15.441 ms requestId=939120ea-5a03-4f52-af36-f558e9b0ccbe
[WebServer] GET /api/v1/transactions 200 4.936 ms requestId=3650188e-08e3-47d6-bdce-bcb414ba7315
[WebServer] POST /api/v1/transactions 201 17.612 ms requestId=3ae27d0d-b494-45b9-a208-3c651ed04f39
[WebServer] GET /api/v1/stats/by-category 200 15.897 ms requestId=d04572a3-7ad5-4dda-89c5-4416f2ec5c05
[WebServer] GET /api/v1/stats/summary 200 30.409 ms requestId=9d02da17-8cf9-4282-af03-f5e97dc63493
[WebServer] GET /api/v1/stats/monthly 200 23.558 ms requestId=d6925249-b72e-4b7e-8761-69b7a3931804
[WebServer] GET /api/v1/transactions 200 24.423 ms requestId=f666a1f8-fde2-4944-b428-3661b95f4ede
[WebServer] GET /api/v1/stats/summary 200 4.871 ms requestId=f5cfb1b1-5be7-4d51-ad3d-8e57fa61158f
[WebServer] GET /api/v1/stats/by-category 200 3.512 ms requestId=8568be1d-4a9a-4a14-b22f-986f9367c961
[WebServer] GET /api/v1/stats/monthly 200 21.799 ms requestId=0ae40c84-8249-47d3-98e5-224cce386bb3
[WebServer] GET /api/v1/transactions 200 3.816 ms requestId=4d030ab9-ff97-40d1-a5a9-a80bf211963a
[WebServer] GET /api/v1/events/stream 200 3.438 ms requestId=932803fe-9339-4888-b856-b7d9601f8b3c
[WebServer] GET /api/v1/events/stream 200 2.772 ms requestId=879dca2a-6c46-415c-8336-617772ad5238
  ✓  19 [chromium] › tests/realtime.spec.js:13:3 › live sync across devices (SSE) › a transaction added on one device appears on the other instantly (4.6s)
[WebServer] POST /api/v1/auth/register 201 339.505 ms requestId=af9ee678-1308-481c-97df-a20620bb4d7b
[WebServer] POST /api/v1/transactions/bulk 201 7.248 ms requestId=a964bece-6e1d-456d-a680-d2d14f9be466
[WebServer] GET /api/v1/auth/me 200 17.291 ms requestId=40fa46be-f91a-49bd-a063-0bf08bcc5117
[WebServer] GET /api/v1/auth/me 200 3.604 ms requestId=56ad41d2-9a71-4dff-8d0e-f0024cf25dd3
[WebServer] GET /api/v1/transactions 200 5.642 ms requestId=8bdf9e92-fb91-439c-a4ba-012545011204
[WebServer] GET /api/v1/auth/me 200 2.789 ms requestId=edcc3b50-bced-4f62-ab2a-9029810ac839
[WebServer] GET /api/v1/auth/me 304 2.323 ms requestId=a6b3f36a-86c5-475f-97ce-b5ce3f119dba
[WebServer] GET /api/v1/transactions 200 6.091 ms requestId=c6bbb9dd-cc86-4393-a071-d3985592dec3
[WebServer] GET /api/v1/health 200 0.172 ms requestId=e1e619bb-535b-44c3-90ea-b50bafbcd9ad
[WebServer] GET /api/v1/stats/by-category 200 26.525 ms requestId=b74dc3f3-c46b-4ba3-bf05-1d74ece4979b
[WebServer] GET /api/v1/stats/summary 200 30.756 ms requestId=212b4324-d635-482d-8ac3-65b83ff42096
[WebServer] GET /api/v1/stats/monthly 200 23.357 ms requestId=e29f5f93-7523-4a06-9cd8-f23123aceef7
[WebServer] GET /api/v1/health 200 0.162 ms requestId=1a3df4a6-dd91-4f7f-a182-bcf5ef7ced22
[WebServer] GET /api/v1/transactions  undefined ms requestId=92d3fa4f-8a7c-4c2c-ac43-b223c20e0222
[WebServer] GET /api/v1/stats/summary 200 6.481 ms requestId=59810661-5eb3-46cf-8dac-65f5582f554c
[WebServer] GET /api/v1/stats/by-category 200 15.098 ms requestId=7a4d85cc-4726-4371-b4aa-5913addf0972
[WebServer] GET /api/v1/stats/monthly 200 14.007 ms requestId=6cc87a15-7b7b-454f-8ec8-a1e2c1a544d3
[WebServer] GET /api/v1/transactions 200 13.150 ms requestId=597403cc-3778-46ef-8e2a-e35efa95291b
[WebServer] GET /api/v1/health 200 0.264 ms requestId=14ca8eed-c6ef-449d-a510-8ced75c08eb1
[WebServer] GET /api/v1/stats/summary 200 23.060 ms requestId=5e8fb9d1-c8b6-41b9-96eb-5628aa0e7beb
[WebServer] GET /api/v1/health 200 0.153 ms requestId=e4e650f3-8d2b-4431-ad62-6d1519c382fa
[WebServer] GET /api/v1/transactions  undefined ms requestId=3bd0c818-2836-4cd2-ab92-c6025c4b162f
[WebServer] GET /api/v1/stats/monthly  undefined ms requestId=1e39090e-a7df-46b1-93bb-41bef6726c18
[WebServer] GET /api/v1/stats/by-category  undefined ms requestId=6e042c54-5cec-4700-b89c-b474bcb8a8eb
[WebServer] GET /api/v1/stats/summary 200 17.515 ms requestId=69d81085-6b57-4d66-8daa-2a95263a4302
[WebServer] GET /api/v1/stats/by-category 200 19.650 ms requestId=a9f23982-86f4-4d34-8fa5-5234eb86e8c2
[WebServer] GET /api/v1/transactions 200 3.851 ms requestId=f0ca281f-d3b2-4480-9c19-34da806c3a98
[WebServer] GET /api/v1/stats/monthly 200 20.580 ms requestId=d51b9efd-2331-48be-a5db-2372f8716815
[WebServer] DELETE /api/v1/transactions/6abd4858683e85db28279e2b 204 5.308 ms requestId=1c5fdbc4-c506-4b79-a5a5-8c858900c330
[WebServer] GET /api/v1/stats/summary 200 8.521 ms requestId=a9254d53-bd24-470c-b9ad-2dff44367be4
[WebServer] GET /api/v1/stats/by-category 200 7.548 ms requestId=fe1dee12-9080-4ace-a09e-9c36802bf4dd
[WebServer] GET /api/v1/stats/monthly 200 11.230 ms requestId=719caaf1-6246-4b24-9362-5632c9c95c2f
[WebServer] GET /api/v1/transactions 200 6.568 ms requestId=5497feb2-1ab1-4da6-8ab6-3889d8e98b89
[WebServer] GET /api/v1/stats/summary 200 23.843 ms requestId=e91450b5-813d-4cb8-a985-6044d340bf33
[WebServer] GET /api/v1/stats/by-category 200 14.252 ms requestId=be25fd90-a20c-47d2-b380-9489a6e8bcc0
[WebServer] GET /api/v1/stats/monthly 200 12.794 ms requestId=28c70f35-948d-4d6c-b90a-7bfb783bc5bf
[WebServer] GET /api/v1/transactions 200 8.402 ms requestId=eff1a13f-142b-429b-8225-cb28f77d80f6
[WebServer] GET /api/v1/events/stream 200 18.864 ms requestId=764ce1a2-801e-42c3-8850-c77aca434066
[WebServer] GET /api/v1/events/stream 200 6.083 ms requestId=b65d422d-2de6-418c-a3c7-0efcfda80291
  ✓  20 [chromium] › tests/realtime.spec.js:42:3 › live sync across devices (SSE) › deleting on one device removes the row on the other (4.4s)
[WebServer] POST /api/v1/auth/register 201 338.568 ms requestId=69a22f8a-cc10-4c45-90d4-dec5c1313afc
[WebServer] GET /api/v1/auth/me 200 4.957 ms requestId=522788a2-18ce-45dc-9ad8-83f7b629a094
[WebServer] GET /api/v1/auth/me 200 18.182 ms requestId=53efa0d0-fc6e-4f5d-994a-d4d00b6927ae
[WebServer] GET /api/v1/transactions 200 17.200 ms requestId=c4aab5cc-f2c4-42a2-b988-1cf944d3fac7
[WebServer] GET /api/v1/health 200 0.217 ms requestId=7609d3ea-cb2f-4b74-a89e-baeb381739e2
[WebServer] GET /api/v1/stats/summary  undefined ms requestId=c0bd8e7f-31f0-4e46-b6c3-0cc303295cec
[WebServer] GET /api/v1/stats/monthly  undefined ms requestId=8a12ee65-ee8c-4d41-9def-0ef56b564ea9
[WebServer] GET /api/v1/stats/by-category  undefined ms requestId=676a412b-ba98-40bb-8a42-8f5aefb52bbf
[WebServer] GET /api/v1/health 200 0.124 ms requestId=fe53b20c-bc1d-4b40-affe-f71cad38904f
[WebServer] GET /api/v1/stats/summary 200 5.983 ms requestId=3909c317-d505-4aa6-9ba3-ad1868482853
[WebServer] GET /api/v1/stats/by-category 200 7.809 ms requestId=f536a585-5bf2-4e26-bb89-2c8997ddba7f
[WebServer] GET /api/v1/stats/monthly 200 8.745 ms requestId=8e7a1a3f-c237-4bf7-b114-5061ec386809
[WebServer] GET /api/v1/transactions 200 6.921 ms requestId=f9493b0b-fabb-498d-9ee8-a2c93a1e0bbc
[WebServer] GET /api/v1/events/status 200 5.075 ms requestId=14962f6a-b244-49ff-83f8-8d71384db5d5
[WebServer] GET /api/v1/events/stream 200 5.439 ms requestId=06dce1e0-8511-411a-bbae-d875e04075eb
  ✓  21 [chromium] › tests/realtime.spec.js:69:3 › live sync across devices (SSE) › the stream endpoint reports the open connections (1.8s)
[WebServer] POST /api/v1/auth/register 201 315.084 ms requestId=e9f34caa-1282-4026-85bf-910354cbfc27
[WebServer] GET /api/v1/auth/me 200 12.926 ms requestId=0914e4e2-85d2-487b-a2ee-51327bfc34e4
[WebServer] GET /api/v1/auth/me 200 4.349 ms requestId=d70e658d-9a22-4564-97f5-d9bc160796bf
[WebServer] GET /api/v1/transactions 200 4.810 ms requestId=17bddf81-9055-47a2-87dd-560386a11e18
[WebServer] GET /api/v1/events/status 200 2.530 ms requestId=a4f82ce1-6eb4-44f8-bdc1-718cbc1c6002
[WebServer] GET /api/v1/stats/summary 200 8.406 ms requestId=89acd2c6-9884-48f6-88f2-178ce5bcd1c8
[WebServer] GET /api/v1/stats/summary 304 12.236 ms requestId=eb8bd430-6a6a-495a-9ec3-183d5620793a
[WebServer] GET /api/v1/events/status 304 3.837 ms requestId=71dfce80-0d1f-42e3-8fe1-7eb440b33507
[WebServer] PATCH /api/v1/auth/me 200 22.721 ms requestId=edef6beb-37a6-4c1e-977d-4a68244aef89
[WebServer] GET /api/v1/auth/me 200 1.711 ms requestId=974bfc28-2b24-45f3-aae6-693ed652d064
[WebServer] GET /api/v1/events/stream 200 2.179 ms requestId=393fe3b7-202d-4109-b5fa-f7e3740b8f61
[WebServer] GET /api/v1/auth/me 200 4.761 ms requestId=2b69786e-044f-4b20-a73e-aa3a77791778
[WebServer] GET /api/v1/auth/me 304 6.972 ms requestId=ec058640-3939-4136-9596-b2ed31a2c431
[WebServer] GET /api/v1/transactions 200 9.664 ms requestId=3d6f1806-401f-4878-984a-3249ed24f198
[WebServer] GET /api/v1/stats/summary  undefined ms requestId=857f2a7f-d5ac-4367-804c-c18659cf2377
[WebServer] GET /api/v1/events/status 304 24.798 ms requestId=2f2cb174-24ad-468c-976c-f0c1efc0ae27
[WebServer] GET /api/v1/events/status 200 4.925 ms requestId=b862219b-56b6-4eed-8b36-881494510a4b
[WebServer] GET /api/v1/stats/summary 200 30.668 ms requestId=31eebe38-cfa7-4d26-a321-057f21c75a45
[WebServer] GET /api/v1/events/stream 200 3.172 ms requestId=70e08178-a7ea-4fa6-8cfd-4bddebcf0d78
  ✓  22 [chromium] › tests/settings-and-errors.spec.js:14:3 › settings page › renames the account through PATCH /auth/me (2.0s)
[WebServer] POST /api/v1/auth/register 201 250.049 ms requestId=7301e3af-35e8-42c0-9aa9-6225878f703a
[WebServer] GET /api/v1/auth/me 200 2.896 ms requestId=d75cd872-d402-406c-b55f-32baf5010203
[WebServer] GET /api/v1/auth/me 304 4.844 ms requestId=5d61fcde-a498-4d75-bb1d-092d52c5d8e8
[WebServer] GET /api/v1/transactions 200 12.034 ms requestId=f47c1c0f-f585-40bb-9d99-813c22717941
[WebServer] GET /api/v1/events/status 200 2.251 ms requestId=060bab87-9e2b-4a3f-a427-f08b15fd4e1b
[WebServer] GET /api/v1/stats/summary 200 13.156 ms requestId=c17c198b-38ac-423a-97d0-85d01b0bd64c
[WebServer] GET /api/v1/stats/summary 304 14.967 ms requestId=13974842-ecdc-4a23-8cda-0d2dd201a309
[WebServer] GET /api/v1/events/status 304 2.549 ms requestId=796fc261-36cb-4b47-839d-1b3ce5e4aa32
[WebServer] PATCH /api/v1/auth/password 200 613.673 ms requestId=a89f6723-b96e-45bb-b8df-c6e5ca89a966
[WebServer] POST /api/v1/auth/login 200 303.458 ms requestId=7467eecb-ead8-450c-972c-f446e7a1c767
[WebServer] POST /api/v1/auth/login 401 315.861 ms requestId=6e467d0f-921a-4f1c-89bc-3ab2d92afb2c
[WebServer] GET /api/v1/events/stream 200 10.920 ms requestId=365d70a8-9f97-450c-854f-3a2e4978f4cb
  ✓  23 [chromium] › tests/settings-and-errors.spec.js:35:3 › settings page › changes the password and can sign in with the new one (2.8s)
[WebServer] POST /api/v1/auth/register 201 306.559 ms requestId=5c3c63d7-fb3b-494f-9fcb-847fdd9e0cf3
[WebServer] POST /api/v1/transactions/bulk 201 4.968 ms requestId=25cee30b-99a0-405d-82ec-55b17d93ae75
[WebServer] GET /api/v1/auth/me 200 2.879 ms requestId=873f46e2-c657-48b9-8df8-6be59d4d47ee
[WebServer] GET /api/v1/auth/me 304 2.711 ms requestId=1ad80913-3665-47a2-88a4-3b2cc8551c02
[WebServer] GET /api/v1/transactions 200 5.761 ms requestId=532e6afe-06de-425b-a635-01fdab9dae29
[WebServer] GET /api/v1/events/status 200 4.480 ms requestId=fd27588e-1dd1-4e1e-a1fd-4dd0a94ec7cb
[WebServer] GET /api/v1/stats/summary 200 8.882 ms requestId=5ebb2874-0c19-41f2-b7fd-c734e1247bdd
[WebServer] GET /api/v1/events/status 304 3.653 ms requestId=e0556553-7d77-4247-b986-79cbc142ed0c
[WebServer] GET /api/v1/stats/summary 304 19.887 ms requestId=1b9d665c-eea3-4f66-a88f-fb6adb743dc0
[WebServer] DELETE /api/v1/transactions 200 26.093 ms requestId=edd9877f-9c96-4929-8b3a-6472d9b14cb0
[WebServer] GET /api/v1/stats/summary 200 7.915 ms requestId=92c4b677-7d2c-4f92-92fb-0aa51291575a
[WebServer] GET /api/v1/events/status 304 2.050 ms requestId=9385335a-993b-4160-8d9f-97df38e6a0a3
[WebServer] GET /api/v1/transactions 200 3.855 ms requestId=fc7314a7-107d-4e6d-8302-aa28fc913521
[WebServer] GET /api/v1/events/stream 200 1.389 ms requestId=2115c282-fa91-4a66-b6dd-2621f8e33bc1
  ✓  24 [chromium] › tests/settings-and-errors.spec.js:53:3 › settings page › deletes every transaction with one request (danger zone) (1.6s)
[WebServer] POST /api/v1/auth/register 201 305.722 ms requestId=1ebe0206-90e4-4963-b7df-f4e05b0ad0fe
[WebServer] POST /api/v1/transactions/bulk 201 4.893 ms requestId=0a5c0baf-d8fe-4f6a-8b7f-6916decdc4e9
[WebServer] GET /api/v1/auth/me 200 5.580 ms requestId=9247fe99-128d-4a65-bf51-f6be3c029a82
[WebServer] GET /api/v1/auth/me 304 9.471 ms requestId=9fe929c0-87b4-4e5b-a212-336b8eaad1d7
[WebServer] GET /api/v1/transactions 200 10.746 ms requestId=7f391fd0-d0ec-4247-bd28-9da91e344d91
[WebServer] GET /api/v1/events/status 200 2.153 ms requestId=ae0b0562-bdd1-46d0-b467-160cf45fcfbb
[WebServer] GET /api/v1/stats/summary 200 15.034 ms requestId=b23acc2d-a89f-4c4c-b257-bdc239f93575
[WebServer] GET /api/v1/events/status 304 5.091 ms requestId=157cecb5-3e94-4a06-b0a2-cfbf77e52029
[WebServer] GET /api/v1/stats/summary 304 12.177 ms requestId=1801480e-c88b-4af7-8758-a3c0f8f1d632
[WebServer] GET /api/v1/events/stream 200 7.911 ms requestId=2cef085f-30ba-4e08-a946-d36fecf8607c
  ✓  25 [chromium] › tests/settings-and-errors.spec.js:70:3 › settings page › exports the account data as JSON (1.4s)
[WebServer] POST /api/v1/auth/register 201 296.812 ms requestId=033ff396-ba01-47fc-a4af-c2419a5f0d70
  ✓  26 [chromium] › tests/settings-and-errors.spec.js:84:3 › graceful error handling › explains a stopped back-end instead of breaking the page (3.0s)
[WebServer] POST /api/v1/auth/register 201 315.064 ms requestId=a422b2f7-215a-4276-8b55-05c535d726d7
[WebServer] GET /api/v1/health 200 0.360 ms requestId=0cf1eb83-b5d6-45eb-8750-d3f7a4259a8f
[WebServer] GET /api/v1/auth/me 200 12.055 ms requestId=0ad9fa3e-e64a-4708-af87-3a5e57d6957f
[WebServer] GET /api/v1/health 200 0.204 ms requestId=eb21f9f7-ee48-413f-b171-2bc6fef370a2
[WebServer] GET /api/v1/stats/by-category 200 11.650 ms requestId=e868a7ce-e562-4ecd-b7c5-ef201f672b3c
[WebServer] GET /api/v1/stats/summary 200 18.737 ms requestId=cc19aaa2-b754-4d3f-b3a8-67d1e67984af
[WebServer] GET /api/v1/stats/monthly 200 27.265 ms requestId=fc64d21e-fcdf-4ad4-9a6e-429147d6a188
[WebServer] GET /api/v1/transactions 200 12.632 ms requestId=6da7820e-5b49-4f02-a855-3bf4db258997
[WebServer] GET /api/v1/transactions 200 8.528 ms requestId=0b2a0dec-879a-4314-a5cf-a15c956954b6
[WebServer] GET /api/v1/events/stream 200 4.386 ms requestId=719af0df-daf6-491e-afef-8c16bf6499fc
  ✓  27 [chromium] › tests/settings-and-errors.spec.js:99:3 › graceful error handling › the retry button recovers once the API answers again (3.3s)
[WebServer] POST /api/v1/auth/register 201 309.797 ms requestId=8c28b954-7aa0-4f11-bac4-c0368ae99888
[WebServer] GET /api/v1/auth/me 200 2.709 ms requestId=4ede9fb2-4896-4f8f-8e6f-9b25b4892ff3
[WebServer] GET /api/v1/auth/me 304 7.753 ms requestId=80b3b38a-4d87-446f-9dae-16c825228177
[WebServer] GET /api/v1/auth/me 200 5.701 ms requestId=f3dce273-0fa3-4afd-807b-5f53cf4dc912
[WebServer] GET /api/v1/auth/me 200 3.602 ms requestId=e25be7e4-9262-49d5-9dc2-d3c2f9219e24
[WebServer] GET /api/v1/auth/me 200 3.387 ms requestId=bff354c5-7884-4d77-a15b-0e4493070861
[WebServer] GET /api/v1/events/stream 200 3.779 ms requestId=0582158e-0670-491d-9d25-688575b09498
  ✓  28 [chromium] › tests/settings-and-errors.spec.js:116:3 › graceful error handling › an expired session sends the user back to the login page with an explanation (3.4s)
[WebServer] POST /api/v1/auth/register 201 309.661 ms requestId=ee2f5372-edc6-4acd-87e3-966fb4f94b0e
[WebServer] GET /api/v1/auth/me 200 2.449 ms requestId=7ddb6f0c-a589-41c2-ab2d-de76450bb0a6
[WebServer] GET /api/v1/auth/me 304 2.332 ms requestId=fa894a73-3d97-4b54-8537-0de4937240a8
[WebServer] GET /api/v1/transactions 200 8.194 ms requestId=81fe82cb-c0e8-4aea-afbe-8cff05fec0a5
[WebServer] GET /api/v1/health 200 0.241 ms requestId=90daa9fd-4414-4496-9f34-65d885873393
[WebServer] GET /api/v1/health 200 0.210 ms requestId=9fc491c4-75df-45cf-9330-db3c5b31443c
[WebServer] GET /api/v1/stats/summary 200 5.241 ms requestId=ce97ea8a-7606-49f8-94f0-4b1dbe42ce9d
[WebServer] GET /api/v1/stats/by-category 200 5.123 ms requestId=3d7a43a1-ca4c-4f96-b46e-3a8d28ee0b1a
[WebServer] GET /api/v1/stats/monthly 200 15.825 ms requestId=5a20e160-87e7-4ee7-87f0-54642165eaec
[WebServer] GET /api/v1/transactions 200 9.182 ms requestId=32d97c11-a937-4d75-b652-c8703000c947
[WebServer] POST /api/v1/transactions 201 4.834 ms requestId=928e1c59-69ac-4496-a674-1e2c9c843b19
[WebServer] GET /api/v1/stats/summary 200 8.347 ms requestId=2f53bbc6-c351-4437-b203-102bb97d04c0
[WebServer] GET /api/v1/stats/by-category 200 8.824 ms requestId=22a3d672-e179-4050-a166-ede9cdb410da
[WebServer] GET /api/v1/stats/monthly 304 12.973 ms requestId=c0bb65f7-bf05-4b31-bb94-501056c6c15f
[WebServer] GET /api/v1/transactions 200 10.172 ms requestId=927f1f48-7e1c-439d-8de0-96dc925fb614
[WebServer] GET /api/v1/events/stream 200 1.689 ms requestId=d857431e-54d3-4a04-a604-3a3009af5345
[WebServer] GET /api/v1/auth/me 200 3.587 ms requestId=0ce5f884-959a-4529-84b7-eafb3a5bca50
[WebServer] GET /api/v1/transactions 200 6.234 ms requestId=4a15cea6-4da7-4f9d-acba-5e09c80c5d36
[WebServer] GET /api/v1/health 200 0.326 ms requestId=6ce201b9-4bce-4ad5-bb3e-743e70a30345
[WebServer] GET /api/v1/stats/summary 304 10.761 ms requestId=4e9ff457-770a-4916-a1fb-7bbe13b3721d
[WebServer] GET /api/v1/stats/by-category 304 25.037 ms requestId=24e89a4f-20ee-487e-93c4-8cdb5db743ac
[WebServer] GET /api/v1/health 200 0.376 ms requestId=0e928a0a-1bc0-461e-ac98-7c406b9e715a
[WebServer] GET /api/v1/transactions  undefined ms requestId=dd46bbd7-f403-4305-854a-f02f20364b0a
[WebServer] GET /api/v1/stats/monthly 304 35.088 ms requestId=adf7e18c-4cd0-41c2-b0b2-fcd5d84e6404
[WebServer] GET /api/v1/stats/summary 304 21.267 ms requestId=8ef6decd-5c17-413f-a3e2-3925ccc7d52e
[WebServer] GET /api/v1/stats/by-category 200 10.559 ms requestId=afc268c2-37f6-4f2b-a7ff-54e470bcf396
[WebServer] GET /api/v1/stats/monthly 200 15.733 ms requestId=05b82197-8e0b-4b46-afd9-aab6fe1ff014
[WebServer] GET /api/v1/transactions 200 13.546 ms requestId=43daa144-e7e5-4d18-aa60-03f2775b7e56
[WebServer] GET /api/v1/transactions 200 5.592 ms requestId=1fad9046-ca2e-4614-b74a-0809c192d498
[WebServer] GET /api/v1/events/stream 200 1.972 ms requestId=b1079df8-fd04-4b1a-b3db-d20b378decbd
  ✓  29 [chromium] › tests/week5-regressions.spec.js:5:1 › W5 valid leap-day transaction survives UI save, API read and reload (3.9s)
[WebServer] POST /api/v1/auth/register 201 303.613 ms requestId=161cb666-37e3-41c3-8d86-db8fdc49c8c9
[WebServer] GET /api/v1/auth/me 200 3.148 ms requestId=b4dd8c27-7628-44c2-8c8a-60e8f7fb5b3b
[WebServer] GET /api/v1/auth/me 304 4.206 ms requestId=4187f7db-3e8d-4aa0-b0bc-d04cb7d1fb2c
[WebServer] GET /api/v1/transactions 200 17.751 ms requestId=619806bd-44d0-4a66-bd88-5e37f7cc31de
[WebServer] GET /api/v1/health 200 0.242 ms requestId=6b72e6e0-9a59-4b41-b176-3c50a2e3a44d
[WebServer] GET /api/v1/stats/summary  undefined ms requestId=8293fa36-43c9-4830-8503-49ee08833c30
[WebServer] GET /api/v1/stats/monthly  undefined ms requestId=35ef5507-08ab-4c3b-81ad-a24cc0f0695b
[WebServer] GET /api/v1/stats/by-category  undefined ms requestId=91c2a01c-3d7a-4b9d-b902-ff0acd85ff47
[WebServer] GET /api/v1/health 200 0.152 ms requestId=b84ab50d-d4d4-43a5-9b58-eaae5d8e119b
[WebServer] GET /api/v1/stats/by-category 200 7.938 ms requestId=560e77cd-a0f5-4ef1-8554-2e83d1dc29f0
[WebServer] GET /api/v1/stats/summary 200 15.093 ms requestId=657cf5ec-b70e-4435-b555-ec9d697e17f6
[WebServer] GET /api/v1/stats/monthly 200 17.439 ms requestId=1e08b7ab-eb05-4d16-bda2-f76a8a637959
[WebServer] GET /api/v1/transactions 200 8.082 ms requestId=0e7f3f2d-007a-4c2b-8645-ee18ecbca984
[WebServer] POST /api/v1/transactions 422 10.799 ms requestId=3cc4ea88-9f9f-432a-89cd-08707eada6d6
[WebServer] GET /api/v1/transactions 200 4.409 ms requestId=0cb9d7f0-ef4f-4892-a0e3-d92adc604ea1
[WebServer] GET /api/v1/events/stream 200 2.875 ms requestId=f4efe32a-f9c5-4108-93ab-43c63f2418b1
  ✓  30 [chromium] › tests/week5-regressions.spec.js:26:1 › W5 malformed date through same-origin browser fetch is rejected without database writes (1.7s)

  30 passed (1.4m)
